 KPT            1  SPIN            1  KWEIGHT    2.0000000000000000E-002
   -17.66581     2.00000

 KPT            2  SPIN            1  KWEIGHT    2.0000000000000000E-002
   -17.42642     2.00000

 KPT            3  SPIN            1  KWEIGHT    2.0000000000000000E-002
   -16.71526     2.00000

 KPT            4  SPIN            1  KWEIGHT    2.0000000000000000E-002
   -15.55477     2.00000

 KPT            5  SPIN            1  KWEIGHT    2.0000000000000000E-002
   -13.98676     2.00000

 KPT            6  SPIN            1  KWEIGHT    2.0000000000000000E-002
   -12.07754     2.00000

 KPT            7  SPIN            1  KWEIGHT    2.0000000000000000E-002
    -9.92210     2.00000

 KPT            8  SPIN            1  KWEIGHT    2.0000000000000000E-002
    -7.64358     2.00000

 KPT            9  SPIN            1  KWEIGHT    2.0000000000000000E-002
    -5.38487     0.00000

 KPT           10  SPIN            1  KWEIGHT    2.0000000000000000E-002
    -3.29100     0.00000

 KPT           11  SPIN            1  KWEIGHT    2.0000000000000000E-002
    -1.48634     0.00000

 KPT           12  SPIN            1  KWEIGHT    2.0000000000000000E-002
    -0.05548     0.00000

 KPT           13  SPIN            1  KWEIGHT    2.0000000000000000E-002
     0.96289     0.00000

 KPT           14  SPIN            1  KWEIGHT    2.0000000000000000E-002
     1.56564     0.00000

 KPT           15  SPIN            1  KWEIGHT    2.0000000000000000E-002
     1.76438     0.00000

 KPT           16  SPIN            1  KWEIGHT    2.0000000000000000E-002
     1.57255     0.00000

 KPT           17  SPIN            1  KWEIGHT    2.0000000000000000E-002
     1.02390     0.00000

 KPT           18  SPIN            1  KWEIGHT    2.0000000000000000E-002
     0.19231     0.00000

 KPT           19  SPIN            1  KWEIGHT    2.0000000000000000E-002
    -0.81792     0.00000

 KPT           20  SPIN            1  KWEIGHT    2.0000000000000000E-002
    -1.89203     0.00000

 KPT           21  SPIN            1  KWEIGHT    2.0000000000000000E-002
    -2.92153     0.00000

 KPT           22  SPIN            1  KWEIGHT    2.0000000000000000E-002
    -3.81468     0.00000

 KPT           23  SPIN            1  KWEIGHT    2.0000000000000000E-002
    -4.50099     0.00000

 KPT           24  SPIN            1  KWEIGHT    2.0000000000000000E-002
    -4.93164     0.00000

 KPT           25  SPIN            1  KWEIGHT    2.0000000000000000E-002
    -5.07828     0.00000

 KPT           26  SPIN            1  KWEIGHT    2.0000000000000000E-002
    -5.41487     0.00000

 KPT           27  SPIN            1  KWEIGHT    2.0000000000000000E-002
    -6.37191     0.00000

 KPT           28  SPIN            1  KWEIGHT    2.0000000000000000E-002
    -7.80801     2.00000

 KPT           29  SPIN            1  KWEIGHT    2.0000000000000000E-002
    -9.53400     2.00000

 KPT           30  SPIN            1  KWEIGHT    2.0000000000000000E-002
   -11.35701     2.00000

 KPT           31  SPIN            1  KWEIGHT    2.0000000000000000E-002
   -13.11136     2.00000

 KPT           32  SPIN            1  KWEIGHT    2.0000000000000000E-002
   -14.67140     2.00000

 KPT           33  SPIN            1  KWEIGHT    2.0000000000000000E-002
   -15.95076     2.00000

 KPT           34  SPIN            1  KWEIGHT    2.0000000000000000E-002
   -16.89482     2.00000

 KPT           35  SPIN            1  KWEIGHT    2.0000000000000000E-002
   -17.47186     2.00000

 KPT           36  SPIN            1  KWEIGHT    2.0000000000000000E-002
   -17.66581     2.00000

 KPT           37  SPIN            1  KWEIGHT    2.0000000000000000E-002
   -17.48618     2.00000

 KPT           38  SPIN            1  KWEIGHT    2.0000000000000000E-002
   -16.95145     2.00000

 KPT           39  SPIN            1  KWEIGHT    2.0000000000000000E-002
   -16.07520     2.00000

 KPT           40  SPIN            1  KWEIGHT    2.0000000000000000E-002
   -14.88347     2.00000

 KPT           41  SPIN            1  KWEIGHT    2.0000000000000000E-002
   -13.41934     2.00000

 KPT           42  SPIN            1  KWEIGHT    2.0000000000000000E-002
   -11.74767     2.00000

 KPT           43  SPIN            1  KWEIGHT    2.0000000000000000E-002
    -9.95797     2.00000

 KPT           44  SPIN            1  KWEIGHT    2.0000000000000000E-002
    -8.16223     2.00000

 KPT           45  SPIN            1  KWEIGHT    2.0000000000000000E-002
    -6.48482     0.00000

 KPT           46  SPIN            1  KWEIGHT    2.0000000000000000E-002
    -5.04398     0.00000

 KPT           47  SPIN            1  KWEIGHT    2.0000000000000000E-002
    -3.92890     0.00000

 KPT           48  SPIN            1  KWEIGHT    2.0000000000000000E-002
    -3.18021     0.00000

 KPT           49  SPIN            1  KWEIGHT    2.0000000000000000E-002
    -2.78216     0.00000

 KPT           50  SPIN            1  KWEIGHT    2.0000000000000000E-002
    -2.66982     0.00000

