 Fermi distribution function
 
 Calculation with static geometry
 

********************************************************************************
  iSCC Total electronic   Diff electronic      SCC error    
    1   -0.50587768E+00    0.00000000E+00    0.44408921E-15
********************************************************************************
 

 Net atomic charges (e)
  Atom       Net charge
     1      -0.00000000
 
 COMPONENT = q
  
 Eigenvalues /H
   -0.64920675   -0.64040930   -0.61427451   -0.57162733   -0.51400380   -0.44384155   -0.36463047   -0.28089647
   -0.19789039   -0.12094196   -0.05462198   -0.00203881    0.03538539    0.05753612    0.06483967    0.05779032
    0.03762772    0.00706739   -0.03005794   -0.06953069   -0.10736407   -0.14018704   -0.16540836   -0.18123454
   -0.18662348   -0.19899288   -0.23416325   -0.28693918   -0.35036821   -0.41736261   -0.48183349   -0.53916390
   -0.58617975   -0.62087337   -0.64207888   -0.64920675   -0.64260534   -0.62295434   -0.59075265   -0.54695758
   -0.49315166   -0.43171881   -0.36594875   -0.29995661   -0.23831259   -0.18536279   -0.14438456   -0.11687051
   -0.10224268   -0.09811408
 
 Eigenvalues /eV
  -17.66581451  -17.42642369  -16.71525987  -15.55477113  -13.98675502  -12.07754296   -9.92209991   -7.64358198
   -5.38487139   -3.29099817   -1.48633980   -0.05547876    0.96288541    1.56563747    1.76437727    1.57255452
    1.02390242    0.19231354   -0.81791822   -1.89202642   -2.92152504   -3.81468335   -4.50099055   -4.93164271
   -5.07828328   -5.41487169   -6.37190628   -7.80801230   -9.53400397  -11.35701444  -13.11135628  -14.67139618
  -15.95076243  -16.89482395  -17.47185520  -17.66581451  -17.48618102  -16.95144994  -16.07519737  -14.88347295
  -13.41933947  -11.74766666   -9.95797212   -8.16223456   -6.48481551   -5.04397823   -3.92890371   -3.18020831
   -2.78216479   -2.66982004
 
 Fillings
     2.00000     2.00000     2.00000     2.00000     2.00000     2.00000     2.00000     2.00000
     0.00000     0.00000     0.00000     0.00000     0.00000     0.00000     0.00000     0.00000
     0.00000     0.00000     0.00000     0.00000     0.00000     0.00000     0.00000     0.00000
     0.00000     0.00000     0.00000     2.00000     2.00000     2.00000     2.00000     2.00000
     2.00000     2.00000     2.00000     2.00000     2.00000     2.00000     2.00000     2.00000
     2.00000     2.00000     2.00000     2.00000     0.00000     0.00000     0.00000     0.00000
     0.00000     0.00000
 
 Nr. of electrons (up):      1.00000000
 Atom populations (up)
  Atom       Population
     1       1.00000000
 
 l-shell populations (up)
  Atom Sh.   l       Population
     1   1   0       1.00000000
 
 Orbital populations (up)
  Atom Sh.   l   m       Population
     1   1   0   0       1.00000000
 
 Fermi level:                       -0.2463056374 H           -6.7023 eV
 Band energy:                       -0.5058776813 H          -13.7656 eV
 TS:                                 0.0000000000 H            0.0000 eV
 Band free energy (E-TS):           -0.5058776813 H          -13.7656 eV
 Extrapolated E(0K):                -0.5058776813 H          -13.7656 eV
 Input/Output electrons (q):      1.00000000      1.00000000
 
 Energy H0:                         -0.5058776813 H          -13.7656 eV
 Energy SCC:                        -0.0000000000 H           -0.0000 eV
 Total Electronic energy:           -0.5058776813 H          -13.7656 eV
 Repulsive energy:                   0.0000000000 H            0.0000 eV
 Total energy:                      -0.5058776813 H          -13.7656 eV
 Total Mermin free energy:          -0.5058776813 H          -13.7656 eV
 
 SCC converged
 
 
