|===============================================================================
|
|  DFTB+ (Release 17.1)
|
|  Copyright (C) 2017  DFTB+ developers group
|
|===============================================================================
|
|  When publishing results obtained with DFTB+, please cite the following
|  reference:
|
|  * B. Aradi, B. Hourahine and T. Frauenheim,
|    DFTB+, a Sparse Matrix-Based Implementation of the DFTB Method,
|    J. Phys. Chem. A, 111 5678 (2007).  [doi: 10.1021/jp070186p]
|
|  You should also cite additional publications crediting the parametrization
|  data you use. Please consult the documentation of the SK-files for the
|  references.
|
|===============================================================================


***  Parsing and initializing

Parser version: 5

Interpreting input file 'dftb_in.hsd'
--------------------------------------------------------------------------------
Reading SK-files:
  /home/inukai/tango/tests/1element/gpaw_fit_v3_O/O-O.skf
Done.


Processed input in HSD format written to 'dftb_pin.hsd'

Starting initialization...
--------------------------------------------------------------------------------
Mode:                        Static calculation
Self consistent charges:     Yes
SCC-tolerance:                 0.100000E+07
Max. scc iterations:                      1
Ewald alpha parameter:         0.293601E+00
Spin polarisation:           No
Nr. of up electrons:            12.000000
Nr. of down electrons:          12.000000
Periodic boundaries:         Yes
Diagonalizer:                Relatively robust (version 1)
Mixer:                       Broyden mixer
Mixing parameter:                  0.200000
Maximal SCC-cycles:                       1
Nr. of chrg. vec. in memory:              0
Electronic temperature:        0.100000E-07
Initial charges:             Read in from 'charges.bin'
Included shells:             O:  s, p
K-points and weights:           1:  0.000000  0.000000  0.000000     0.020000
                                2:  0.100000  0.000000  0.000000     0.020000
                                3:  0.200000  0.000000  0.000000     0.020000
                                4:  0.300000  0.000000  0.000000     0.020000
                                5:  0.400000  0.000000  0.000000     0.020000
                                6:  0.500000  0.000000  0.000000     0.020000
                                7:  0.552689 -0.124577  0.000000     0.020000
                                8:  0.605379 -0.249154  0.000000     0.020000
                                9:  0.658068 -0.373730  0.000000     0.020000
                               10:  0.579034 -0.436865  0.000000     0.020000
                               11:  0.500000 -0.500000  0.000000     0.020000
                               12:  0.500000 -0.500000  0.100000     0.020000
                               13:  0.500000 -0.500000  0.200000     0.020000
                               14:  0.500000 -0.500000  0.300000     0.020000
                               15:  0.500000 -0.500000  0.400000     0.020000
                               16:  0.500000 -0.500000  0.500000     0.020000
                               17:  0.420966 -0.563135  0.500000     0.020000
                               18:  0.341932 -0.626270  0.500000     0.020000
                               19:  0.227955 -0.584180  0.500000     0.020000
                               20:  0.113977 -0.542090  0.500000     0.020000
                               21:  0.000000 -0.500000  0.500000     0.020000
                               22:  0.000000 -0.500000  0.416667     0.020000
                               23:  0.000000 -0.500000  0.333333     0.020000
                               24:  0.000000 -0.500000  0.250000     0.020000
                               25:  0.000000 -0.500000  0.166667     0.020000
                               26:  0.000000 -0.500000  0.083333     0.020000
                               27:  0.000000 -0.500000  0.000000     0.020000
                               28:  0.085483 -0.531567  0.000000     0.020000
                               29:  0.170966 -0.563135  0.000000     0.020000
                               30:  0.256449 -0.594702  0.000000     0.020000
                               31:  0.341932 -0.626270  0.000000     0.020000
                               32:  0.658068 -0.373730  0.500000     0.020000
                               33:  0.618551 -0.280298  0.500000     0.020000
                               34:  0.579034 -0.186865  0.500000     0.020000
                               35:  0.539517 -0.093433  0.500000     0.020000
                               36:  0.500000  0.000000  0.500000     0.020000
                               37:  0.428571  0.000000  0.500000     0.020000
                               38:  0.357143  0.000000  0.500000     0.020000
                               39:  0.285714  0.000000  0.500000     0.020000
                               40:  0.214286  0.000000  0.500000     0.020000
                               41:  0.142857  0.000000  0.500000     0.020000
                               42:  0.071429  0.000000  0.500000     0.020000
                               43:  0.000000  0.000000  0.500000     0.020000
                               44:  0.500000  0.000000  0.000000     0.020000
                               45:  0.500000  0.000000  0.083333     0.020000
                               46:  0.500000  0.000000  0.166667     0.020000
                               47:  0.500000  0.000000  0.250000     0.020000
                               48:  0.500000  0.000000  0.333333     0.020000
                               49:  0.500000  0.000000  0.416667     0.020000
                               50:  0.500000  0.000000  0.500000     0.020000
Extra options:
                             Mulliken analysis
Force type                   original


--------------------------------------------------------------------------------

***  Geometry step: 0

  iSCC Total electronic   Diff electronic      SCC error    
    1   -0.13006576E+02    0.00000000E+00    0.52313709E-12

 Total Energy:                     -13.0065762876 H         -353.9269 eV
 Total Mermin free energy:         -13.0065762876 H         -353.9269 eV
