|===============================================================================
|
|  DFTB+ (Release 17.1)
|
|  Copyright (C) 2017  DFTB+ developers group
|
|===============================================================================
|
|  When publishing results obtained with DFTB+, please cite the following
|  reference:
|
|  * B. Aradi, B. Hourahine and T. Frauenheim,
|    DFTB+, a Sparse Matrix-Based Implementation of the DFTB Method,
|    J. Phys. Chem. A, 111 5678 (2007).  [doi: 10.1021/jp070186p]
|
|  You should also cite additional publications crediting the parametrization
|  data you use. Please consult the documentation of the SK-files for the
|  references.
|
|===============================================================================


***  Parsing and initializing

Parser version: 5

Interpreting input file 'dftb_in.hsd'
--------------------------------------------------------------------------------
Reading SK-files:
  /home/inukai/tango/tests/1element/gpaw_fit_v3_N/N-N.skf
Done.


Processed input in HSD format written to 'dftb_pin.hsd'

Starting initialization...
--------------------------------------------------------------------------------
Mode:                        Static calculation
Self consistent charges:     Yes
SCC-tolerance:                 0.100000E+07
Max. scc iterations:                      1
Ewald alpha parameter:         0.251658E+00
Spin polarisation:           No
Nr. of up electrons:            20.000000
Nr. of down electrons:          20.000000
Periodic boundaries:         Yes
Diagonalizer:                Relatively robust (version 1)
Mixer:                       Broyden mixer
Mixing parameter:                  0.200000
Maximal SCC-cycles:                       1
Nr. of chrg. vec. in memory:              0
Electronic temperature:        0.100000E-07
Initial charges:             Read in from 'charges.bin'
Included shells:             N:  s, p
K-points and weights:           1:  0.000000  0.000000  0.000000     0.020000
                                2:  0.000000  0.083333  0.000000     0.020000
                                3:  0.000000  0.166667  0.000000     0.020000
                                4:  0.000000  0.250000  0.000000     0.020000
                                5:  0.000000  0.333333  0.000000     0.020000
                                6:  0.000000  0.416667  0.000000     0.020000
                                7:  0.000000  0.500000  0.000000     0.020000
                                8:  0.083333  0.500000  0.000000     0.020000
                                9:  0.166667  0.500000  0.000000     0.020000
                               10:  0.250000  0.500000  0.000000     0.020000
                               11:  0.333333  0.500000  0.000000     0.020000
                               12:  0.416667  0.500000  0.000000     0.020000
                               13:  0.500000  0.500000  0.000000     0.020000
                               14:  0.444444  0.444444  0.000000     0.020000
                               15:  0.388889  0.388889  0.000000     0.020000
                               16:  0.333333  0.333333  0.000000     0.020000
                               17:  0.277778  0.277778  0.000000     0.020000
                               18:  0.222222  0.222222  0.000000     0.020000
                               19:  0.166667  0.166667  0.000000     0.020000
                               20:  0.111111  0.111111  0.000000     0.020000
                               21:  0.055556  0.055556  0.000000     0.020000
                               22:  0.000000  0.000000  0.000000     0.020000
                               23:  0.045455  0.045455  0.045455     0.020000
                               24:  0.090909  0.090909  0.090909     0.020000
                               25:  0.136364  0.136364  0.136364     0.020000
                               26:  0.181818  0.181818  0.181818     0.020000
                               27:  0.227273  0.227273  0.227273     0.020000
                               28:  0.272727  0.272727  0.272727     0.020000
                               29:  0.318182  0.318182  0.318182     0.020000
                               30:  0.363636  0.363636  0.363636     0.020000
                               31:  0.409091  0.409091  0.409091     0.020000
                               32:  0.454545  0.454545  0.454545     0.020000
                               33:  0.500000  0.500000  0.500000     0.020000
                               34:  0.450000  0.500000  0.450000     0.020000
                               35:  0.400000  0.500000  0.400000     0.020000
                               36:  0.350000  0.500000  0.350000     0.020000
                               37:  0.300000  0.500000  0.300000     0.020000
                               38:  0.250000  0.500000  0.250000     0.020000
                               39:  0.200000  0.500000  0.200000     0.020000
                               40:  0.150000  0.500000  0.150000     0.020000
                               41:  0.100000  0.500000  0.100000     0.020000
                               42:  0.050000  0.500000  0.050000     0.020000
                               43:  0.000000  0.500000  0.000000     0.020000
                               44:  0.500000  0.500000  0.000000     0.020000
                               45:  0.500000  0.500000  0.083333     0.020000
                               46:  0.500000  0.500000  0.166667     0.020000
                               47:  0.500000  0.500000  0.250000     0.020000
                               48:  0.500000  0.500000  0.333333     0.020000
                               49:  0.500000  0.500000  0.416667     0.020000
                               50:  0.500000  0.500000  0.500000     0.020000
Extra options:
                             Mulliken analysis
Force type                   original


--------------------------------------------------------------------------------

***  Geometry step: 0

  iSCC Total electronic   Diff electronic      SCC error    
    1   -0.19871441E+02    0.00000000E+00    0.14606233E-05

 Total Energy:                     -19.8714408029 H         -540.7294 eV
 Total Mermin free energy:         -19.8714408029 H         -540.7294 eV
