 KPT            1  SPIN            1  KWEIGHT    2.0000000000000000E-002
    -5.75831     2.00000
     1.14633     0.00000
     1.14633     0.00000
     1.14633     0.00000

 KPT            2  SPIN            1  KWEIGHT    2.0000000000000000E-002
    -5.72196     2.00000
     1.18280     0.00000
     1.18280     0.00000
     1.22642     0.00000

 KPT            3  SPIN            1  KWEIGHT    2.0000000000000000E-002
    -5.61292     2.00000
     1.27218     0.00000
     1.27218     0.00000
     1.43277     0.00000

 KPT            4  SPIN            1  KWEIGHT    2.0000000000000000E-002
    -5.43155     2.00000
     1.36469     0.00000
     1.36469     0.00000
     1.68744     0.00000

 KPT            5  SPIN            1  KWEIGHT    2.0000000000000000E-002
    -5.17897     2.00000
     1.40554     0.00000
     1.40554     0.00000
     1.91522     0.00000

 KPT            6  SPIN            1  KWEIGHT    2.0000000000000000E-002
    -4.85712     2.00000
     1.35895     0.00000
     1.35895     0.00000
     2.07372     0.00000

 KPT            7  SPIN            1  KWEIGHT    2.0000000000000000E-002
    -4.46854     2.00000
     1.21879     0.00000
     1.21879     0.00000
     2.15574     0.00000

 KPT            8  SPIN            1  KWEIGHT    2.0000000000000000E-002
    -4.01602     2.00000
     1.00407     0.00000
     1.00407     0.00000
     2.17605     0.00000

 KPT            9  SPIN            1  KWEIGHT    2.0000000000000000E-002
    -3.50237     0.00000
     0.74663     0.00000
     0.74663     0.00000
     2.15567     0.00000

 KPT           10  SPIN            1  KWEIGHT    2.0000000000000000E-002
    -2.93111     0.00000
     0.47968     0.00000
     0.47968     0.00000
     2.10960     0.00000

 KPT           11  SPIN            1  KWEIGHT    2.0000000000000000E-002
    -2.30953     0.00000
     0.23110     0.00000
     0.23110     0.00000
     2.03961     0.00000

 KPT           12  SPIN            1  KWEIGHT    2.0000000000000000E-002
    -1.65646     0.00000
     0.02127     0.00000
     0.02127     0.00000
     1.93384     0.00000

 KPT           13  SPIN            1  KWEIGHT    2.0000000000000000E-002
    -1.01724     0.00000
    -0.13634     0.00000
    -0.13634     0.00000
     1.77825     0.00000

 KPT           14  SPIN            1  KWEIGHT    2.0000000000000000E-002
    -0.49082     0.00000
    -0.23367     0.00000
    -0.23367     0.00000
     1.59205     0.00000

 KPT           15  SPIN            1  KWEIGHT    2.0000000000000000E-002
    -0.26654     0.00000
    -0.26654     0.00000
    -0.26654     0.00000
     1.49132     0.00000

 KPT           16  SPIN            1  KWEIGHT    2.0000000000000000E-002
    -0.37353     0.00000
    -0.35602     0.00000
    -0.23414     0.00000
     1.59792     0.00000

 KPT           17  SPIN            1  KWEIGHT    2.0000000000000000E-002
    -0.62728     0.00000
    -0.59940     0.00000
    -0.13588     0.00000
     1.84257     0.00000

 KPT           18  SPIN            1  KWEIGHT    2.0000000000000000E-002
    -0.93627     0.00000
    -0.93052     0.00000
     0.03094     0.00000
     2.10597     0.00000

 KPT           19  SPIN            1  KWEIGHT    2.0000000000000000E-002
    -1.30084     0.00000
    -1.22911     0.00000
     0.26910     0.00000
     2.30390     0.00000

 KPT           20  SPIN            1  KWEIGHT    2.0000000000000000E-002
    -1.64329     0.00000
    -1.49700     0.00000
     0.57809     0.00000
     2.38395     0.00000

 KPT           21  SPIN            1  KWEIGHT    2.0000000000000000E-002
    -1.93486     0.00000
    -1.72079     0.00000
     0.94791     0.00000
     2.32664     0.00000

 KPT           22  SPIN            1  KWEIGHT    2.0000000000000000E-002
    -2.16307     0.00000
    -1.89358     0.00000
     1.35007     0.00000
     2.15428     0.00000

 KPT           23  SPIN            1  KWEIGHT    2.0000000000000000E-002
    -2.32475     0.00000
    -2.01328     0.00000
     1.72968     0.00000
     1.93128     0.00000

 KPT           24  SPIN            1  KWEIGHT    2.0000000000000000E-002
    -2.42070     0.00000
    -2.08203     0.00000
     1.74548     0.00000
     2.00887     0.00000

 KPT           25  SPIN            1  KWEIGHT    2.0000000000000000E-002
    -2.45246     0.00000
    -2.10419     0.00000
     1.67339     0.00000
     2.11257     0.00000

 KPT           26  SPIN            1  KWEIGHT    2.0000000000000000E-002
    -2.89674     0.00000
    -1.61341     0.00000
     1.66363     0.00000
     2.10005     0.00000

 KPT           27  SPIN            1  KWEIGHT    2.0000000000000000E-002
    -3.42648     0.00000
    -0.95102     0.00000
     1.63494     0.00000
     2.06240     0.00000

 KPT           28  SPIN            1  KWEIGHT    2.0000000000000000E-002
    -3.90873     2.00000
    -0.27148     0.00000
     1.58911     0.00000
     1.99953     0.00000

 KPT           29  SPIN            1  KWEIGHT    2.0000000000000000E-002
    -4.33706     2.00000
     0.38057     0.00000
     1.52910     0.00000
     1.91173     0.00000

 KPT           30  SPIN            1  KWEIGHT    2.0000000000000000E-002
    -4.71027     2.00000
     0.94864     0.00000
     1.45906     0.00000
     1.80050     0.00000

 KPT           31  SPIN            1  KWEIGHT    2.0000000000000000E-002
    -5.02790     2.00000
     1.36684     0.00000
     1.38420     0.00000
     1.66968     0.00000

 KPT           32  SPIN            1  KWEIGHT    2.0000000000000000E-002
    -5.28937     2.00000
     1.31051     0.00000
     1.52695     0.00000
     1.57951     0.00000

 KPT           33  SPIN            1  KWEIGHT    2.0000000000000000E-002
    -5.49391     2.00000
     1.24435     0.00000
     1.38508     0.00000
     1.57491     0.00000

 KPT           34  SPIN            1  KWEIGHT    2.0000000000000000E-002
    -5.64063     2.00000
     1.19181     0.00000
     1.26175     0.00000
     1.41497     0.00000

 KPT           35  SPIN            1  KWEIGHT    2.0000000000000000E-002
    -5.72887     2.00000
     1.15800     0.00000
     1.17676     0.00000
     1.22773     0.00000

 KPT           36  SPIN            1  KWEIGHT    2.0000000000000000E-002
    -5.75831     2.00000
     1.14633     0.00000
     1.14633     0.00000
     1.14633     0.00000

 KPT           37  SPIN            1  KWEIGHT    2.0000000000000000E-002
    -5.73105     2.00000
     1.16242     0.00000
     1.16242     0.00000
     1.22850     0.00000

 KPT           38  SPIN            1  KWEIGHT    2.0000000000000000E-002
    -5.64938     2.00000
     1.20207     0.00000
     1.20207     0.00000
     1.43216     0.00000

 KPT           39  SPIN            1  KWEIGHT    2.0000000000000000E-002
    -5.51378     2.00000
     1.24145     0.00000
     1.24145     0.00000
     1.65990     0.00000

 KPT           40  SPIN            1  KWEIGHT    2.0000000000000000E-002
    -5.32541     2.00000
     1.24784     0.00000
     1.24784     0.00000
     1.81914     0.00000

 KPT           41  SPIN            1  KWEIGHT    2.0000000000000000E-002
    -5.08606     2.00000
     1.18973     0.00000
     1.18973     0.00000
     1.85805     0.00000

 KPT           42  SPIN            1  KWEIGHT    2.0000000000000000E-002
    -4.79799     2.00000
     1.04764     0.00000
     1.04764     0.00000
     1.76689     0.00000

 KPT           43  SPIN            1  KWEIGHT    2.0000000000000000E-002
    -4.46385     2.00000
     0.82079     0.00000
     0.82079     0.00000
     1.56306     0.00000

 KPT           44  SPIN            1  KWEIGHT    2.0000000000000000E-002
    -4.08652     2.00000
     0.52627     0.00000
     0.52627     0.00000
     1.27587     0.00000

 KPT           45  SPIN            1  KWEIGHT    2.0000000000000000E-002
    -3.66929     0.00000
     0.19182     0.00000
     0.19182     0.00000
     0.93687     0.00000

 KPT           46  SPIN            1  KWEIGHT    2.0000000000000000E-002
    -3.21594     0.00000
    -0.15306     0.00000
    -0.15306     0.00000
     0.57529     0.00000

 KPT           47  SPIN            1  KWEIGHT    2.0000000000000000E-002
    -2.73130     0.00000
    -0.48348     0.00000
    -0.48348     0.00000
     0.21701     0.00000

 KPT           48  SPIN            1  KWEIGHT    2.0000000000000000E-002
    -2.22248     0.00000
    -0.78175     0.00000
    -0.78175     0.00000
    -0.11388     0.00000

 KPT           49  SPIN            1  KWEIGHT    2.0000000000000000E-002
    -1.70491     0.00000
    -1.03708     0.00000
    -1.03708     0.00000
    -0.38810     0.00000

 KPT           50  SPIN            1  KWEIGHT    2.0000000000000000E-002
    -1.24391     0.00000
    -1.24391     0.00000
    -1.24391     0.00000
    -0.52825     0.00000

