|===============================================================================
|
|  DFTB+ (Release 17.1)
|
|  Copyright (C) 2017  DFTB+ developers group
|
|===============================================================================
|
|  When publishing results obtained with DFTB+, please cite the following
|  reference:
|
|  * B. Aradi, B. Hourahine and T. Frauenheim,
|    DFTB+, a Sparse Matrix-Based Implementation of the DFTB Method,
|    J. Phys. Chem. A, 111 5678 (2007).  [doi: 10.1021/jp070186p]
|
|  You should also cite additional publications crediting the parametrization
|  data you use. Please consult the documentation of the SK-files for the
|  references.
|
|===============================================================================


***  Parsing and initializing

Parser version: 5

Interpreting input file 'dftb_in.hsd'
--------------------------------------------------------------------------------
Reading SK-files:
  /home/inukai/tango/tests/1element/gpaw_fit_Se/Se-Se.skf
Done.


Processed input in HSD format written to 'dftb_pin.hsd'

Starting initialization...
--------------------------------------------------------------------------------
Mode:                        Static calculation
Self consistent charges:     Yes
SCC-tolerance:                 0.100000E+07
Max. scc iterations:                      1
Ewald alpha parameter:         0.293601E+00
Spin polarisation:           No
Nr. of up electrons:             6.000000
Nr. of down electrons:           6.000000
Periodic boundaries:         Yes
Diagonalizer:                Relatively robust (version 1)
Mixer:                       Broyden mixer
Mixing parameter:                  0.200000
Maximal SCC-cycles:                       1
Nr. of chrg. vec. in memory:              0
Electronic temperature:        0.100000E-07
Initial charges:             Read in from 'charges.bin'
Included shells:            Se:  s, p, d
K-points and weights:           1:  0.000000  0.000000  0.000000     0.020000
                                2:  0.038462  0.000000  0.000000     0.020000
                                3:  0.076923  0.000000  0.000000     0.020000
                                4:  0.115385  0.000000  0.000000     0.020000
                                5:  0.153846  0.000000  0.000000     0.020000
                                6:  0.192308  0.000000  0.000000     0.020000
                                7:  0.230769  0.000000  0.000000     0.020000
                                8:  0.269231  0.000000  0.000000     0.020000
                                9:  0.307692  0.000000  0.000000     0.020000
                               10:  0.346154  0.000000  0.000000     0.020000
                               11:  0.384615  0.000000  0.000000     0.020000
                               12:  0.423077  0.000000  0.000000     0.020000
                               13:  0.461538  0.000000  0.000000     0.020000
                               14:  0.500000  0.000000  0.000000     0.020000
                               15:  0.479167  0.041667  0.000000     0.020000
                               16:  0.458333  0.083333  0.000000     0.020000
                               17:  0.437500  0.125000  0.000000     0.020000
                               18:  0.416667  0.166667  0.000000     0.020000
                               19:  0.395833  0.208333  0.000000     0.020000
                               20:  0.375000  0.250000  0.000000     0.020000
                               21:  0.354167  0.291667  0.000000     0.020000
                               22:  0.333333  0.333333  0.000000     0.020000
                               23:  0.312500  0.312500  0.000000     0.020000
                               24:  0.291667  0.291667  0.000000     0.020000
                               25:  0.270833  0.270833  0.000000     0.020000
                               26:  0.250000  0.250000  0.000000     0.020000
                               27:  0.229167  0.229167  0.000000     0.020000
                               28:  0.208333  0.208333  0.000000     0.020000
                               29:  0.187500  0.187500  0.000000     0.020000
                               30:  0.166667  0.166667  0.000000     0.020000
                               31:  0.145833  0.145833  0.000000     0.020000
                               32:  0.125000  0.125000  0.000000     0.020000
                               33:  0.104167  0.104167  0.000000     0.020000
                               34:  0.083333  0.083333  0.000000     0.020000
                               35:  0.062500  0.062500  0.000000     0.020000
                               36:  0.041667  0.041667  0.000000     0.020000
                               37:  0.020833  0.020833  0.000000     0.020000
                               38:  0.000000  0.000000  0.000000     0.020000
                               39:  0.000000  0.000000  0.041667     0.020000
                               40:  0.000000  0.000000  0.083333     0.020000
                               41:  0.000000  0.000000  0.125000     0.020000
                               42:  0.000000  0.000000  0.166667     0.020000
                               43:  0.000000  0.000000  0.208333     0.020000
                               44:  0.000000  0.000000  0.250000     0.020000
                               45:  0.000000  0.000000  0.291667     0.020000
                               46:  0.000000  0.000000  0.333333     0.020000
                               47:  0.000000  0.000000  0.375000     0.020000
                               48:  0.000000  0.000000  0.416667     0.020000
                               49:  0.000000  0.000000  0.458333     0.020000
                               50:  0.000000  0.000000  0.500000     0.020000
Extra options:
                             Mulliken analysis
Force type                   original


--------------------------------------------------------------------------------

***  Geometry step: 0

  iSCC Total electronic   Diff electronic      SCC error    
    1   -0.45570717E+01    0.00000000E+00    0.49737992E-13

 Total Energy:                      -4.5570716649 H         -124.0042 eV
 Total Mermin free energy:          -4.5570716649 H         -124.0042 eV
