 KPT            1  SPIN            1  KWEIGHT    2.0000000000000000E-002
    -6.80146     2.00000
     2.91008     0.00000
     2.91008     0.00000
     2.91008     0.00000

 KPT            2  SPIN            1  KWEIGHT    2.0000000000000000E-002
    -6.76172     2.00000
     2.86352     0.00000
     2.86352     0.00000
     2.88927     0.00000

 KPT            3  SPIN            1  KWEIGHT    2.0000000000000000E-002
    -6.64254     2.00000
     2.72433     0.00000
     2.72433     0.00000
     2.83009     0.00000

 KPT            4  SPIN            1  KWEIGHT    2.0000000000000000E-002
    -6.44399     2.00000
     2.49564     0.00000
     2.49564     0.00000
     2.74173     0.00000

 KPT            5  SPIN            1  KWEIGHT    2.0000000000000000E-002
    -6.16613     2.00000
     2.18648     0.00000
     2.18648     0.00000
     2.63745     0.00000

 KPT            6  SPIN            1  KWEIGHT    2.0000000000000000E-002
    -5.80883     2.00000
     1.81389     0.00000
     1.81389     0.00000
     2.53229     0.00000

 KPT            7  SPIN            1  KWEIGHT    2.0000000000000000E-002
    -5.37161     2.00000
     1.40184     0.00000
     1.40184     0.00000
     2.44067     0.00000

 KPT            8  SPIN            1  KWEIGHT    2.0000000000000000E-002
    -4.85384     2.00000
     0.97750     0.00000
     0.97750     0.00000
     2.37393     0.00000

 KPT            9  SPIN            1  KWEIGHT    2.0000000000000000E-002
    -4.25589     0.00000
     0.56700     0.00000
     0.56700     0.00000
     2.33812     0.00000

 KPT           10  SPIN            1  KWEIGHT    2.0000000000000000E-002
    -3.58271     0.00000
     0.19228     0.00000
     0.19228     0.00000
     2.33203     0.00000

 KPT           11  SPIN            1  KWEIGHT    2.0000000000000000E-002
    -2.85143     0.00000
    -0.13019     0.00000
    -0.13019     0.00000
     2.34628     0.00000

 KPT           12  SPIN            1  KWEIGHT    2.0000000000000000E-002
    -2.10372     0.00000
    -0.38925     0.00000
    -0.38925     0.00000
     2.36482     0.00000

 KPT           13  SPIN            1  KWEIGHT    2.0000000000000000E-002
    -1.41922     0.00000
    -0.57795     0.00000
    -0.57795     0.00000
     2.37137     0.00000

 KPT           14  SPIN            1  KWEIGHT    2.0000000000000000E-002
    -0.91822     0.00000
    -0.69242     0.00000
    -0.69242     0.00000
     2.36211     0.00000

 KPT           15  SPIN            1  KWEIGHT    2.0000000000000000E-002
    -0.73076     0.00000
    -0.73076     0.00000
    -0.73076     0.00000
     2.35415     0.00000

 KPT           16  SPIN            1  KWEIGHT    2.0000000000000000E-002
    -0.84380     0.00000
    -0.76648     0.00000
    -0.69320     0.00000
     2.36314     0.00000

 KPT           17  SPIN            1  KWEIGHT    2.0000000000000000E-002
    -1.15583     0.00000
    -0.86458     0.00000
    -0.58119     0.00000
     2.38431     0.00000

 KPT           18  SPIN            1  KWEIGHT    2.0000000000000000E-002
    -1.59931     0.00000
    -1.00260     0.00000
    -0.39722     0.00000
     2.40459     0.00000

 KPT           19  SPIN            1  KWEIGHT    2.0000000000000000E-002
    -2.09545     0.00000
    -1.15424     0.00000
    -0.14690     0.00000
     2.41199     0.00000

 KPT           20  SPIN            1  KWEIGHT    2.0000000000000000E-002
    -2.57815     0.00000
    -1.29712     0.00000
     0.15865     0.00000
     2.40120     0.00000

 KPT           21  SPIN            1  KWEIGHT    2.0000000000000000E-002
    -3.00304     0.00000
    -1.41654     0.00000
     0.49939     0.00000
     2.37441     0.00000

 KPT           22  SPIN            1  KWEIGHT    2.0000000000000000E-002
    -3.34535     0.00000
    -1.50600     0.00000
     0.84319     0.00000
     2.33909     0.00000

 KPT           23  SPIN            1  KWEIGHT    2.0000000000000000E-002
    -3.59347     0.00000
    -1.56549     0.00000
     1.14541     0.00000
     2.30479     0.00000

 KPT           24  SPIN            1  KWEIGHT    2.0000000000000000E-002
    -3.74306     0.00000
    -1.59855     0.00000
     1.35536     0.00000
     2.28023     0.00000

 KPT           25  SPIN            1  KWEIGHT    2.0000000000000000E-002
    -3.79298     0.00000
    -1.60904     0.00000
     1.43089     0.00000
     2.27135     0.00000

 KPT           26  SPIN            1  KWEIGHT    2.0000000000000000E-002
    -3.97237     0.00000
    -1.38767     0.00000
     1.45555     0.00000
     2.28664     0.00000

 KPT           27  SPIN            1  KWEIGHT    2.0000000000000000E-002
    -4.37138     0.00000
    -0.86751     0.00000
     1.52847     0.00000
     2.33077     0.00000

 KPT           28  SPIN            1  KWEIGHT    2.0000000000000000E-002
    -4.82508     2.00000
    -0.22770     0.00000
     1.64633     0.00000
     2.39879     0.00000

 KPT           29  SPIN            1  KWEIGHT    2.0000000000000000E-002
    -5.26377     2.00000
     0.43946     0.00000
     1.80343     0.00000
     2.48330     0.00000

 KPT           30  SPIN            1  KWEIGHT    2.0000000000000000E-002
    -5.66071     2.00000
     1.07882     0.00000
     1.99127     0.00000
     2.57559     0.00000

 KPT           31  SPIN            1  KWEIGHT    2.0000000000000000E-002
    -6.00437     2.00000
     1.64947     0.00000
     2.19820     0.00000
     2.66695     0.00000

 KPT           32  SPIN            1  KWEIGHT    2.0000000000000000E-002
    -6.28927     2.00000
     2.12204     0.00000
     2.40904     0.00000
     2.74975     0.00000

 KPT           33  SPIN            1  KWEIGHT    2.0000000000000000E-002
    -6.51260     2.00000
     2.48111     0.00000
     2.60527     0.00000
     2.81828     0.00000

 KPT           34  SPIN            1  KWEIGHT    2.0000000000000000E-002
    -6.67286     2.00000
     2.72580     0.00000
     2.76640     0.00000
     2.86891     0.00000

 KPT           35  SPIN            1  KWEIGHT    2.0000000000000000E-002
    -6.76928     2.00000
     2.86518     0.00000
     2.87282     0.00000
     2.89975     0.00000

 KPT           36  SPIN            1  KWEIGHT    2.0000000000000000E-002
    -6.80146     2.00000
     2.91008     0.00000
     2.91008     0.00000
     2.91008     0.00000

 KPT           37  SPIN            1  KWEIGHT    2.0000000000000000E-002
    -6.77166     2.00000
     2.86111     0.00000
     2.89171     0.00000
     2.89171     0.00000

 KPT           38  SPIN            1  KWEIGHT    2.0000000000000000E-002
    -6.68240     2.00000
     2.72174     0.00000
     2.83269     0.00000
     2.83269     0.00000

 KPT           39  SPIN            1  KWEIGHT    2.0000000000000000E-002
    -6.53411     2.00000
     2.51155     0.00000
     2.72255     0.00000
     2.72255     0.00000

 KPT           40  SPIN            1  KWEIGHT    2.0000000000000000E-002
    -6.32757     2.00000
     2.25535     0.00000
     2.54777     0.00000
     2.54777     0.00000

 KPT           41  SPIN            1  KWEIGHT    2.0000000000000000E-002
    -6.06407     2.00000
     1.97684     0.00000
     2.29685     0.00000
     2.29685     0.00000

 KPT           42  SPIN            1  KWEIGHT    2.0000000000000000E-002
    -5.74536     2.00000
     1.69524     0.00000
     1.96540     0.00000
     1.96540     0.00000

 KPT           43  SPIN            1  KWEIGHT    2.0000000000000000E-002
    -5.37371     2.00000
     1.42469     0.00000
     1.55948     0.00000
     1.55948     0.00000

 KPT           44  SPIN            1  KWEIGHT    2.0000000000000000E-002
    -4.95178     2.00000
     1.09560     0.00000
     1.09560     0.00000
     1.17500     0.00000

 KPT           45  SPIN            1  KWEIGHT    2.0000000000000000E-002
    -4.48260     0.00000
     0.59756     0.00000
     0.59756     0.00000
     0.95277     0.00000

 KPT           46  SPIN            1  KWEIGHT    2.0000000000000000E-002
    -3.96954     0.00000
     0.09171     0.00000
     0.09171     0.00000
     0.76233     0.00000

 KPT           47  SPIN            1  KWEIGHT    2.0000000000000000E-002
    -3.41645     0.00000
    -0.39743     0.00000
    -0.39743     0.00000
     0.60651     0.00000

 KPT           48  SPIN            1  KWEIGHT    2.0000000000000000E-002
    -2.82847     0.00000
    -0.84991     0.00000
    -0.84991     0.00000
     0.48750     0.00000

 KPT           49  SPIN            1  KWEIGHT    2.0000000000000000E-002
    -2.21421     0.00000
    -1.25118     0.00000
    -1.25118     0.00000
     0.40845     0.00000

 KPT           50  SPIN            1  KWEIGHT    2.0000000000000000E-002
    -1.59165     0.00000
    -1.59165     0.00000
    -1.59165     0.00000
     0.37792     0.00000

