|===============================================================================
|
|  DFTB+ (Release 17.1)
|
|  Copyright (C) 2017  DFTB+ developers group
|
|===============================================================================
|
|  When publishing results obtained with DFTB+, please cite the following
|  reference:
|
|  * B. Aradi, B. Hourahine and T. Frauenheim,
|    DFTB+, a Sparse Matrix-Based Implementation of the DFTB Method,
|    J. Phys. Chem. A, 111 5678 (2007).  [doi: 10.1021/jp070186p]
|
|  You should also cite additional publications crediting the parametrization
|  data you use. Please consult the documentation of the SK-files for the
|  references.
|
|===============================================================================


***  Parsing and initializing

Parser version: 5

Interpreting input file 'dftb_in.hsd'
--------------------------------------------------------------------------------
Reading SK-files:
  /home/inukai/tango/tests/1element/gpaw_fit_v3_S/S-S.skf
Done.


Processed input in HSD format written to 'dftb_pin.hsd'

Starting initialization...
--------------------------------------------------------------------------------
Mode:                        Static calculation
Self consistent charges:     Yes
SCC-tolerance:                 0.100000E+07
Max. scc iterations:                      1
Ewald alpha parameter:         0.503316E+00
Spin polarisation:           No
Nr. of up electrons:             3.000000
Nr. of down electrons:           3.000000
Periodic boundaries:         Yes
Diagonalizer:                Relatively robust (version 1)
Mixer:                       Broyden mixer
Mixing parameter:                  0.200000
Maximal SCC-cycles:                       1
Nr. of chrg. vec. in memory:              0
Electronic temperature:        0.100000E-07
Initial charges:             Read in from 'charges.bin'
Included shells:             S:  s, p, d
K-points and weights:           1:  0.000000  0.000000  0.000000     0.020000
                                2:  0.069659 -0.073198  0.069659     0.020000
                                3:  0.139319 -0.146396  0.139319     0.020000
                                4:  0.208978 -0.219594  0.208978     0.020000
                                5:  0.278637 -0.292791  0.278637     0.020000
                                6:  0.348296 -0.365989  0.348296     0.020000
                                7:  0.417956 -0.439187  0.417956     0.020000
                                8:  0.487615 -0.512385  0.487615     0.020000
                                9:  0.500000 -0.500000  0.500000     0.020000
                               10:  0.496904 -0.378096  0.496904     0.020000
                               11:  0.493808 -0.256192  0.493808     0.020000
                               12:  0.490711 -0.134289  0.490711     0.020000
                               13:  0.487615 -0.012385  0.487615     0.020000
                               14:  0.484519  0.109519  0.484519     0.020000
                               15:  0.481423  0.231423  0.481423     0.020000
                               16:  0.478326  0.353326  0.478326     0.020000
                               17:  0.475230  0.475230  0.475230     0.020000
                               18:  0.407340  0.407340  0.407340     0.020000
                               19:  0.339450  0.339450  0.339450     0.020000
                               20:  0.271560  0.271560  0.271560     0.020000
                               21:  0.203670  0.203670  0.203670     0.020000
                               22:  0.135780  0.135780  0.135780     0.020000
                               23:  0.067890  0.067890  0.067890     0.020000
                               24:  0.000000  0.000000  0.000000     0.020000
                               25:  0.083333 -0.083333  0.000000     0.020000
                               26:  0.166667 -0.166667  0.000000     0.020000
                               27:  0.250000 -0.250000  0.000000     0.020000
                               28:  0.333333 -0.333333  0.000000     0.020000
                               29:  0.416667 -0.416667  0.000000     0.020000
                               30:  0.500000 -0.500000  0.000000     0.020000
                               31:  0.503096 -0.496904 -0.121904     0.020000
                               32:  0.506192 -0.493808 -0.243808     0.020000
                               33:  0.509289 -0.490711 -0.365711     0.020000
                               34:  0.512385 -0.487615 -0.487615     0.020000
                               35:  0.524770 -0.475230 -0.475230     0.020000
                               36:  0.521231 -0.407340 -0.407340     0.020000
                               37:  0.517693 -0.339450 -0.339450     0.020000
                               38:  0.514154 -0.271560 -0.271560     0.020000
                               39:  0.510616 -0.203670 -0.203670     0.020000
                               40:  0.507077 -0.135780 -0.135780     0.020000
                               41:  0.503539 -0.067890 -0.067890     0.020000
                               42:  0.500000  0.000000  0.000000     0.020000
                               43:  0.500000 -0.062500  0.062500     0.020000
                               44:  0.500000 -0.125000  0.125000     0.020000
                               45:  0.500000 -0.187500  0.187500     0.020000
                               46:  0.500000 -0.250000  0.250000     0.020000
                               47:  0.500000 -0.312500  0.312500     0.020000
                               48:  0.500000 -0.375000  0.375000     0.020000
                               49:  0.500000 -0.437500  0.437500     0.020000
                               50:  0.500000 -0.500000  0.500000     0.020000
Extra options:
                             Mulliken analysis
Force type                   original


--------------------------------------------------------------------------------

***  Geometry step: 0

  iSCC Total electronic   Diff electronic      SCC error    
    1   -0.23860250E+01    0.00000000E+00    0.71054274E-14

 Total Energy:                      -2.3860249848 H          -64.9270 eV
 Total Mermin free energy:          -2.3860249848 H          -64.9270 eV
