 KPT            1  SPIN            1  KWEIGHT    2.0000000000000000E-002
   -17.00114     2.00000
     8.19686     0.00000
     8.19686     0.00000
     8.19686     0.00000

 KPT            2  SPIN            1  KWEIGHT    2.0000000000000000E-002
   -16.90145     2.00000
     7.99482     0.00000
     7.99482     0.00000
     8.11120     0.00000

 KPT            3  SPIN            1  KWEIGHT    2.0000000000000000E-002
   -16.60347     2.00000
     7.40849     0.00000
     7.40849     0.00000
     7.87124     0.00000

 KPT            4  SPIN            1  KWEIGHT    2.0000000000000000E-002
   -16.11041     2.00000
     6.49508     0.00000
     6.49508     0.00000
     7.52133     0.00000

 KPT            5  SPIN            1  KWEIGHT    2.0000000000000000E-002
   -15.42761     2.00000
     5.34190     0.00000
     5.34190     0.00000
     7.11765     0.00000

 KPT            6  SPIN            1  KWEIGHT    2.0000000000000000E-002
   -14.56234     2.00000
     4.05268     0.00000
     4.05268     0.00000
     6.71320     0.00000

 KPT            7  SPIN            1  KWEIGHT    2.0000000000000000E-002
   -13.52339     2.00000
     2.73039     0.00000
     2.73039     0.00000
     6.34877     0.00000

 KPT            8  SPIN            1  KWEIGHT    2.0000000000000000E-002
   -12.32053     2.00000
     1.46220     0.00000
     1.46220     0.00000
     6.04966     0.00000

 KPT            9  SPIN            1  KWEIGHT    2.0000000000000000E-002
   -10.96434     2.00000
     0.31146     0.00000
     0.31146     0.00000
     5.82481     0.00000

 KPT           10  SPIN            1  KWEIGHT    2.0000000000000000E-002
    -9.46828     2.00000
    -0.68261     0.00000
    -0.68261     0.00000
     5.66582     0.00000

 KPT           11  SPIN            1  KWEIGHT    2.0000000000000000E-002
    -7.85769     2.00000
    -1.50004     0.00000
    -1.50004     0.00000
     5.54575     0.00000

 KPT           12  SPIN            1  KWEIGHT    2.0000000000000000E-002
    -6.19372     2.00000
    -2.13370     0.00000
    -2.13370     0.00000
     5.42270     0.00000

 KPT           13  SPIN            1  KWEIGHT    2.0000000000000000E-002
    -4.61929     2.00000
    -2.58339     2.00000
    -2.58339     2.00000
     5.26015     0.00000

 KPT           14  SPIN            1  KWEIGHT    2.0000000000000000E-002
    -3.41062     2.00000
    -2.85157     2.00000
    -2.85157     2.00000
     5.07711     0.00000

 KPT           15  SPIN            1  KWEIGHT    2.0000000000000000E-002
    -2.94064     2.00000
    -2.94064     2.00000
    -2.94064     2.00000
     4.98712     0.00000

 KPT           16  SPIN            1  KWEIGHT    2.0000000000000000E-002
    -3.18074     2.00000
    -3.08398     2.00000
    -2.85341     2.00000
     5.08165     0.00000

 KPT           17  SPIN            1  KWEIGHT    2.0000000000000000E-002
    -3.83004     2.00000
    -3.47047     2.00000
    -2.59170     2.00000
     5.32471     0.00000

 KPT           18  SPIN            1  KWEIGHT    2.0000000000000000E-002
    -4.72155     2.00000
    -4.00262     2.00000
    -2.15654     0.00000
     5.62825     0.00000

 KPT           19  SPIN            1  KWEIGHT    2.0000000000000000E-002
    -5.68085     2.00000
    -4.58285     2.00000
    -1.55379     0.00000
     5.91174     0.00000

 KPT           20  SPIN            1  KWEIGHT    2.0000000000000000E-002
    -6.58183     2.00000
    -5.13902     2.00000
    -0.80134     0.00000
     6.12806     0.00000

 KPT           21  SPIN            1  KWEIGHT    2.0000000000000000E-002
    -7.35361     2.00000
    -5.62552     2.00000
     0.05985     0.00000
     6.26344     0.00000

 KPT           22  SPIN            1  KWEIGHT    2.0000000000000000E-002
    -7.96399     2.00000
    -6.01669     2.00000
     0.95285     0.00000
     6.32823     0.00000

 KPT           23  SPIN            1  KWEIGHT    2.0000000000000000E-002
    -8.40158     2.00000
    -6.30002     2.00000
     1.75842     0.00000
     6.34591     0.00000

 KPT           24  SPIN            1  KWEIGHT    2.0000000000000000E-002
    -8.66391     2.00000
    -6.47071     2.00000
     2.32967     0.00000
     6.34288     0.00000

 KPT           25  SPIN            1  KWEIGHT    2.0000000000000000E-002
    -8.75124     2.00000
    -6.52763     2.00000
     2.53754     0.00000
     6.33935     0.00000

 KPT           26  SPIN            1  KWEIGHT    2.0000000000000000E-002
    -9.54833     2.00000
    -5.60093     2.00000
     2.61873     0.00000
     6.37689     0.00000

 KPT           27  SPIN            1  KWEIGHT    2.0000000000000000E-002
   -10.82039     2.00000
    -3.94740     2.00000
     2.86127     0.00000
     6.48654     0.00000

 KPT           28  SPIN            1  KWEIGHT    2.0000000000000000E-002
   -12.05306     2.00000
    -2.10509     0.00000
     3.26144     0.00000
     6.65960     0.00000

 KPT           29  SPIN            1  KWEIGHT    2.0000000000000000E-002
   -13.17434     2.00000
    -0.18932     0.00000
     3.81052     0.00000
     6.88220     0.00000

 KPT           30  SPIN            1  KWEIGHT    2.0000000000000000E-002
   -14.16527     2.00000
     1.71582     0.00000
     4.49093     0.00000
     7.13631     0.00000

 KPT           31  SPIN            1  KWEIGHT    2.0000000000000000E-002
   -15.01698     2.00000
     3.51797     0.00000
     5.27080     0.00000
     7.40118     0.00000

 KPT           32  SPIN            1  KWEIGHT    2.0000000000000000E-002
   -15.72321     2.00000
     5.12057     0.00000
     6.09821     0.00000
     7.65511     0.00000

 KPT           33  SPIN            1  KWEIGHT    2.0000000000000000E-002
   -16.27866     2.00000
     6.43785     0.00000
     6.89806     0.00000
     7.87740     0.00000

 KPT           34  SPIN            1  KWEIGHT    2.0000000000000000E-002
   -16.67886     2.00000
     7.40850     0.00000
     7.57611     0.00000
     8.05009     0.00000

 KPT           35  SPIN            1  KWEIGHT    2.0000000000000000E-002
   -16.92039     2.00000
     7.99910     0.00000
     8.03442     0.00000
     8.15944     0.00000

 KPT           36  SPIN            1  KWEIGHT    2.0000000000000000E-002
   -17.00114     2.00000
     8.19686     0.00000
     8.19686     0.00000
     8.19686     0.00000

 KPT           37  SPIN            1  KWEIGHT    2.0000000000000000E-002
   -16.92636     2.00000
     7.97808     0.00000
     8.12200     0.00000
     8.12200     0.00000

 KPT           38  SPIN            1  KWEIGHT    2.0000000000000000E-002
   -16.70264     2.00000
     7.36403     0.00000
     7.88975     0.00000
     7.88975     0.00000

 KPT           39  SPIN            1  KWEIGHT    2.0000000000000000E-002
   -16.33186     2.00000
     6.46121     0.00000
     7.48030     0.00000
     7.48030     0.00000

 KPT           40  SPIN            1  KWEIGHT    2.0000000000000000E-002
   -15.81709     2.00000
     5.39564     0.00000
     6.87103     0.00000
     6.87103     0.00000

 KPT           41  SPIN            1  KWEIGHT    2.0000000000000000E-002
   -15.16258     2.00000
     4.27500     0.00000
     6.04944     0.00000
     6.04944     0.00000

 KPT           42  SPIN            1  KWEIGHT    2.0000000000000000E-002
   -14.37355     2.00000
     3.17306     0.00000
     5.02535     0.00000
     5.02535     0.00000

 KPT           43  SPIN            1  KWEIGHT    2.0000000000000000E-002
   -13.45604     2.00000
     2.13227     0.00000
     3.83637     0.00000
     3.83637     0.00000

 KPT           44  SPIN            1  KWEIGHT    2.0000000000000000E-002
   -12.41653     2.00000
     1.17388     0.00000
     2.54330     0.00000
     2.54330     0.00000

 KPT           45  SPIN            1  KWEIGHT    2.0000000000000000E-002
   -11.26159     2.00000
     0.30773     0.00000
     1.21737     0.00000
     1.21737     0.00000

 KPT           46  SPIN            1  KWEIGHT    2.0000000000000000E-002
    -9.99738     2.00000
    -0.46100     0.00000
    -0.07415     0.00000
    -0.07415     0.00000

 KPT           47  SPIN            1  KWEIGHT    2.0000000000000000E-002
    -8.62954     2.00000
    -1.27797     0.00000
    -1.27797     0.00000
    -1.12798     0.00000

 KPT           48  SPIN            1  KWEIGHT    2.0000000000000000E-002
    -7.16438     2.00000
    -2.35820     1.00000
    -2.35820     1.00000
    -1.68696     0.00000

 KPT           49  SPIN            1  KWEIGHT    2.0000000000000000E-002
    -5.61730     2.00000
    -3.29460     2.00000
    -3.29460     2.00000
    -2.12210     0.00000

 KPT           50  SPIN            1  KWEIGHT    2.0000000000000000E-002
    -4.07837     2.00000
    -4.07837     2.00000
    -4.07837     2.00000
    -2.34618     0.00000

