|===============================================================================
|
|  DFTB+ (Release 17.1)
|
|  Copyright (C) 2017  DFTB+ developers group
|
|===============================================================================
|
|  When publishing results obtained with DFTB+, please cite the following
|  reference:
|
|  * B. Aradi, B. Hourahine and T. Frauenheim,
|    DFTB+, a Sparse Matrix-Based Implementation of the DFTB Method,
|    J. Phys. Chem. A, 111 5678 (2007).  [doi: 10.1021/jp070186p]
|
|  You should also cite additional publications crediting the parametrization
|  data you use. Please consult the documentation of the SK-files for the
|  references.
|
|===============================================================================


***  Parsing and initializing

Parser version: 5

Interpreting input file 'dftb_in.hsd'
--------------------------------------------------------------------------------
Reading SK-files:
  /home/inukai/tango/tests/1element/gpaw_fit_Ge/Ge-Ge.skf
Done.


Processed input in HSD format written to 'dftb_pin.hsd'

Starting initialization...
--------------------------------------------------------------------------------
Mode:                        Static calculation
Self consistent charges:     Yes
SCC-tolerance:                 0.100000E+07
Max. scc iterations:                      1
Ewald alpha parameter:         0.419430E+00
Spin polarisation:           No
Nr. of up electrons:             4.000000
Nr. of down electrons:           4.000000
Periodic boundaries:         Yes
Diagonalizer:                Relatively robust (version 1)
Mixer:                       Broyden mixer
Mixing parameter:                  0.200000
Maximal SCC-cycles:                       1
Nr. of chrg. vec. in memory:              0
Electronic temperature:        0.100000E-07
Initial charges:             Read in from 'charges.bin'
Included shells:            Ge:  s, p, d
K-points and weights:           1:  0.500000  0.500000  0.500000     0.020000
                                2:  0.458333  0.458333  0.458333     0.020000
                                3:  0.416667  0.416667  0.416667     0.020000
                                4:  0.375000  0.375000  0.375000     0.020000
                                5:  0.333333  0.333333  0.333333     0.020000
                                6:  0.291667  0.291667  0.291667     0.020000
                                7:  0.250000  0.250000  0.250000     0.020000
                                8:  0.208333  0.208333  0.208333     0.020000
                                9:  0.166667  0.166667  0.166667     0.020000
                               10:  0.125000  0.125000  0.125000     0.020000
                               11:  0.083333  0.083333  0.083333     0.020000
                               12:  0.041667  0.041667  0.041667     0.020000
                               13:  0.000000  0.000000  0.000000     0.020000
                               14:  0.033333  0.000000  0.033333     0.020000
                               15:  0.066667  0.000000  0.066667     0.020000
                               16:  0.100000  0.000000  0.100000     0.020000
                               17:  0.133333  0.000000  0.133333     0.020000
                               18:  0.166667  0.000000  0.166667     0.020000
                               19:  0.200000  0.000000  0.200000     0.020000
                               20:  0.233333  0.000000  0.233333     0.020000
                               21:  0.266667  0.000000  0.266667     0.020000
                               22:  0.300000  0.000000  0.300000     0.020000
                               23:  0.333333  0.000000  0.333333     0.020000
                               24:  0.366667  0.000000  0.366667     0.020000
                               25:  0.400000  0.000000  0.400000     0.020000
                               26:  0.433333  0.000000  0.433333     0.020000
                               27:  0.466667  0.000000  0.466667     0.020000
                               28:  0.500000  0.000000  0.500000     0.020000
                               29:  0.525000  0.050000  0.525000     0.020000
                               30:  0.550000  0.100000  0.550000     0.020000
                               31:  0.575000  0.150000  0.575000     0.020000
                               32:  0.600000  0.200000  0.600000     0.020000
                               33:  0.625000  0.250000  0.625000     0.020000
                               34:  0.588235  0.235294  0.588235     0.020000
                               35:  0.551471  0.220588  0.551471     0.020000
                               36:  0.514706  0.205882  0.514706     0.020000
                               37:  0.477941  0.191176  0.477941     0.020000
                               38:  0.441176  0.176471  0.441176     0.020000
                               39:  0.404412  0.161765  0.404412     0.020000
                               40:  0.367647  0.147059  0.367647     0.020000
                               41:  0.330882  0.132353  0.330882     0.020000
                               42:  0.294118  0.117647  0.294118     0.020000
                               43:  0.257353  0.102941  0.257353     0.020000
                               44:  0.220588  0.088235  0.220588     0.020000
                               45:  0.183824  0.073529  0.183824     0.020000
                               46:  0.147059  0.058824  0.147059     0.020000
                               47:  0.110294  0.044118  0.110294     0.020000
                               48:  0.073529  0.029412  0.073529     0.020000
                               49:  0.036765  0.014706  0.036765     0.020000
                               50:  0.000000  0.000000  0.000000     0.020000
Extra options:
                             Mulliken analysis
Force type                   original


--------------------------------------------------------------------------------

***  Geometry step: 0

  iSCC Total electronic   Diff electronic      SCC error    
    1   -0.26899367E+01    0.00000000E+00    0.44408921E-14

 Total Energy:                      -2.6899367314 H          -73.1969 eV
 Total Mermin free energy:          -2.6899367314 H          -73.1969 eV
