 KPT            1  SPIN            1  KWEIGHT    2.0000000000000000E-002
    -9.77298     2.00000
    -9.75652     2.00000
     1.62417     0.00000
     1.66267     0.00000

 KPT            2  SPIN            1  KWEIGHT    2.0000000000000000E-002
    -9.77273     2.00000
    -9.75677     2.00000
     1.62475     0.00000
     1.66209     0.00000

 KPT            3  SPIN            1  KWEIGHT    2.0000000000000000E-002
    -9.77200     2.00000
    -9.75749     2.00000
     1.62644     0.00000
     1.66040     0.00000

 KPT            4  SPIN            1  KWEIGHT    2.0000000000000000E-002
    -9.77088     2.00000
    -9.75862     2.00000
     1.62907     0.00000
     1.65777     0.00000

 KPT            5  SPIN            1  KWEIGHT    2.0000000000000000E-002
    -9.76949     2.00000
    -9.76000     2.00000
     1.63231     0.00000
     1.65454     0.00000

 KPT            6  SPIN            1  KWEIGHT    2.0000000000000000E-002
    -9.76814     2.00000
    -9.76135     2.00000
     1.63547     0.00000
     1.65137     0.00000

 KPT            7  SPIN            1  KWEIGHT    2.0000000000000000E-002
    -9.76749     2.00000
    -9.76200     2.00000
     1.63701     0.00000
     1.64984     0.00000

 KPT            8  SPIN            1  KWEIGHT    2.0000000000000000E-002
    -9.76715     2.00000
    -9.76233     2.00000
     1.63778     0.00000
     1.64907     0.00000

 KPT            9  SPIN            1  KWEIGHT    2.0000000000000000E-002
    -9.76620     2.00000
    -9.76328     2.00000
     1.64001     0.00000
     1.64684     0.00000

 KPT           10  SPIN            1  KWEIGHT    2.0000000000000000E-002
    -9.76474     2.00000
    -9.76474     2.00000
     1.64342     0.00000
     1.64342     0.00000

 KPT           11  SPIN            1  KWEIGHT    2.0000000000000000E-002
    -9.76626     2.00000
    -9.76322     2.00000
     1.63986     0.00000
     1.64698     0.00000

 KPT           12  SPIN            1  KWEIGHT    2.0000000000000000E-002
    -9.76790     2.00000
    -9.76159     2.00000
     1.63605     0.00000
     1.65080     0.00000

 KPT           13  SPIN            1  KWEIGHT    2.0000000000000000E-002
    -9.76949     2.00000
    -9.76000     2.00000
     1.63232     0.00000
     1.65453     0.00000

 KPT           14  SPIN            1  KWEIGHT    2.0000000000000000E-002
    -9.77091     2.00000
    -9.75859     2.00000
     1.62900     0.00000
     1.65784     0.00000

 KPT           15  SPIN            1  KWEIGHT    2.0000000000000000E-002
    -9.77202     2.00000
    -9.75748     2.00000
     1.62640     0.00000
     1.66044     0.00000

 KPT           16  SPIN            1  KWEIGHT    2.0000000000000000E-002
    -9.77273     2.00000
    -9.75677     2.00000
     1.62474     0.00000
     1.66210     0.00000

 KPT           17  SPIN            1  KWEIGHT    2.0000000000000000E-002
    -9.77298     2.00000
    -9.75652     2.00000
     1.62417     0.00000
     1.66267     0.00000

 KPT           18  SPIN            1  KWEIGHT    2.0000000000000000E-002
    -9.77235     2.00000
    -9.75715     2.00000
     1.62563     0.00000
     1.66120     0.00000

 KPT           19  SPIN            1  KWEIGHT    2.0000000000000000E-002
    -9.77057     2.00000
    -9.75894     2.00000
     1.62981     0.00000
     1.65704     0.00000

 KPT           20  SPIN            1  KWEIGHT    2.0000000000000000E-002
    -9.76791     2.00000
    -9.76161     2.00000
     1.63606     0.00000
     1.65080     0.00000

 KPT           21  SPIN            1  KWEIGHT    2.0000000000000000E-002
    -9.76476     2.00000
    -9.76476     2.00000
     1.64343     0.00000
     1.64343     0.00000

 KPT           22  SPIN            1  KWEIGHT    2.0000000000000000E-002
    -9.76476     2.00000
    -9.76476     2.00000
     1.64343     0.00000
     1.64343     0.00000

 KPT           23  SPIN            1  KWEIGHT    2.0000000000000000E-002
    -9.76476     2.00000
    -9.76476     2.00000
     1.64343     0.00000
     1.64343     0.00000

 KPT           24  SPIN            1  KWEIGHT    2.0000000000000000E-002
    -9.76475     2.00000
    -9.76475     2.00000
     1.64343     0.00000
     1.64343     0.00000

 KPT           25  SPIN            1  KWEIGHT    2.0000000000000000E-002
    -9.76475     2.00000
    -9.76475     2.00000
     1.64343     0.00000
     1.64343     0.00000

 KPT           26  SPIN            1  KWEIGHT    2.0000000000000000E-002
    -9.76475     2.00000
    -9.76475     2.00000
     1.64342     0.00000
     1.64342     0.00000

 KPT           27  SPIN            1  KWEIGHT    2.0000000000000000E-002
    -9.76474     2.00000
    -9.76474     2.00000
     1.64342     0.00000
     1.64342     0.00000

 KPT           28  SPIN            1  KWEIGHT    2.0000000000000000E-002
    -9.76474     2.00000
    -9.76474     2.00000
     1.64342     0.00000
     1.64342     0.00000

 KPT           29  SPIN            1  KWEIGHT    2.0000000000000000E-002
    -9.76474     2.00000
    -9.76474     2.00000
     1.64342     0.00000
     1.64342     0.00000

 KPT           30  SPIN            1  KWEIGHT    2.0000000000000000E-002
    -9.76474     2.00000
    -9.76474     2.00000
     1.64342     0.00000
     1.64342     0.00000

 KPT           31  SPIN            1  KWEIGHT    2.0000000000000000E-002
    -9.76474     2.00000
    -9.76474     2.00000
     1.64342     0.00000
     1.64342     0.00000

 KPT           32  SPIN            1  KWEIGHT    2.0000000000000000E-002
    -9.76474     2.00000
    -9.76474     2.00000
     1.64342     0.00000
     1.64342     0.00000

 KPT           33  SPIN            1  KWEIGHT    2.0000000000000000E-002
    -9.76475     2.00000
    -9.76475     2.00000
     1.64342     0.00000
     1.64342     0.00000

 KPT           34  SPIN            1  KWEIGHT    2.0000000000000000E-002
    -9.76475     2.00000
    -9.76475     2.00000
     1.64343     0.00000
     1.64343     0.00000

 KPT           35  SPIN            1  KWEIGHT    2.0000000000000000E-002
    -9.76475     2.00000
    -9.76475     2.00000
     1.64343     0.00000
     1.64343     0.00000

 KPT           36  SPIN            1  KWEIGHT    2.0000000000000000E-002
    -9.76476     2.00000
    -9.76476     2.00000
     1.64343     0.00000
     1.64343     0.00000

 KPT           37  SPIN            1  KWEIGHT    2.0000000000000000E-002
    -9.76476     2.00000
    -9.76476     2.00000
     1.64343     0.00000
     1.64343     0.00000

 KPT           38  SPIN            1  KWEIGHT    2.0000000000000000E-002
    -9.76476     2.00000
    -9.76476     2.00000
     1.64343     0.00000
     1.64343     0.00000

 KPT           39  SPIN            1  KWEIGHT    2.0000000000000000E-002
    -9.76476     2.00000
    -9.76476     2.00000
     1.64343     0.00000
     1.64343     0.00000

 KPT           40  SPIN            1  KWEIGHT    2.0000000000000000E-002
    -9.76474     2.00000
    -9.76474     2.00000
     1.64342     0.00000
     1.64342     0.00000

 KPT           41  SPIN            1  KWEIGHT    2.0000000000000000E-002
    -9.76559     2.00000
    -9.76390     2.00000
     1.64144     0.00000
     1.64541     0.00000

 KPT           42  SPIN            1  KWEIGHT    2.0000000000000000E-002
    -9.76636     2.00000
    -9.76313     2.00000
     1.63965     0.00000
     1.64720     0.00000

 KPT           43  SPIN            1  KWEIGHT    2.0000000000000000E-002
    -9.76696     2.00000
    -9.76253     2.00000
     1.63823     0.00000
     1.64861     0.00000

 KPT           44  SPIN            1  KWEIGHT    2.0000000000000000E-002
    -9.76735     2.00000
    -9.76214     2.00000
     1.63732     0.00000
     1.64953     0.00000

 KPT           45  SPIN            1  KWEIGHT    2.0000000000000000E-002
    -9.76749     2.00000
    -9.76200     2.00000
     1.63701     0.00000
     1.64984     0.00000

 KPT           46  SPIN            1  KWEIGHT    2.0000000000000000E-002
    -9.76474     2.00000
    -9.76474     2.00000
     1.64342     0.00000
     1.64342     0.00000

 KPT           47  SPIN            1  KWEIGHT    2.0000000000000000E-002
    -9.76474     2.00000
    -9.76474     2.00000
     1.64342     0.00000
     1.64342     0.00000

 KPT           48  SPIN            1  KWEIGHT    2.0000000000000000E-002
    -9.76474     2.00000
    -9.76474     2.00000
     1.64342     0.00000
     1.64342     0.00000

 KPT           49  SPIN            1  KWEIGHT    2.0000000000000000E-002
    -9.76474     2.00000
    -9.76474     2.00000
     1.64342     0.00000
     1.64342     0.00000

 KPT           50  SPIN            1  KWEIGHT    2.0000000000000000E-002
    -9.76474     2.00000
    -9.76474     2.00000
     1.64342     0.00000
     1.64342     0.00000

