 KPT            1  SPIN            1  KWEIGHT    2.0000000000000000E-002
    -5.72356     2.00000
     1.33246     0.00000
     1.33246     0.00000
     1.33246     0.00000

 KPT            2  SPIN            1  KWEIGHT    2.0000000000000000E-002
    -5.68893     2.00000
     1.35151     0.00000
     1.35151     0.00000
     1.39413     0.00000

 KPT            3  SPIN            1  KWEIGHT    2.0000000000000000E-002
    -5.58466     2.00000
     1.39380     0.00000
     1.39380     0.00000
     1.55134     0.00000

 KPT            4  SPIN            1  KWEIGHT    2.0000000000000000E-002
    -5.41016     2.00000
     1.42285     0.00000
     1.42285     0.00000
     1.74039     0.00000

 KPT            5  SPIN            1  KWEIGHT    2.0000000000000000E-002
    -5.16561     2.00000
     1.39945     0.00000
     1.39945     0.00000
     1.90032     0.00000

 KPT            6  SPIN            1  KWEIGHT    2.0000000000000000E-002
    -4.85233     2.00000
     1.29974     0.00000
     1.29974     0.00000
     1.99783     0.00000

 KPT            7  SPIN            1  KWEIGHT    2.0000000000000000E-002
    -4.47258     2.00000
     1.12277     0.00000
     1.12277     0.00000
     2.02896     0.00000

 KPT            8  SPIN            1  KWEIGHT    2.0000000000000000E-002
    -4.02919     2.00000
     0.88682     0.00000
     0.88682     0.00000
     2.00789     0.00000

 KPT            9  SPIN            1  KWEIGHT    2.0000000000000000E-002
    -3.52547     0.00000
     0.61988     0.00000
     0.61988     0.00000
     1.95365     0.00000

 KPT           10  SPIN            1  KWEIGHT    2.0000000000000000E-002
    -2.96596     0.00000
     0.35074     0.00000
     0.35074     0.00000
     1.87951     0.00000

 KPT           11  SPIN            1  KWEIGHT    2.0000000000000000E-002
    -2.35941     0.00000
     0.10367     0.00000
     0.10367     0.00000
     1.78677     0.00000

 KPT           12  SPIN            1  KWEIGHT    2.0000000000000000E-002
    -1.72584     0.00000
    -0.10334     0.00000
    -0.10334     0.00000
     1.66450     0.00000

 KPT           13  SPIN            1  KWEIGHT    2.0000000000000000E-002
    -1.10941     0.00000
    -0.25827     0.00000
    -0.25827     0.00000
     1.49981     0.00000

 KPT           14  SPIN            1  KWEIGHT    2.0000000000000000E-002
    -0.60280     0.00000
    -0.35377     0.00000
    -0.35377     0.00000
     1.31050     0.00000

 KPT           15  SPIN            1  KWEIGHT    2.0000000000000000E-002
    -0.38600     0.00000
    -0.38600     0.00000
    -0.38600     0.00000
     1.20875     0.00000

 KPT           16  SPIN            1  KWEIGHT    2.0000000000000000E-002
    -0.49183     0.00000
    -0.46984     0.00000
    -0.35425     0.00000
     1.31633     0.00000

 KPT           17  SPIN            1  KWEIGHT    2.0000000000000000E-002
    -0.73956     0.00000
    -0.69901     0.00000
    -0.25820     0.00000
     1.56281     0.00000

 KPT           18  SPIN            1  KWEIGHT    2.0000000000000000E-002
    -1.03223     0.00000
    -1.01897     0.00000
    -0.09587     0.00000
     1.83323     0.00000

 KPT           19  SPIN            1  KWEIGHT    2.0000000000000000E-002
    -1.36890     0.00000
    -1.31842     0.00000
     0.13427     0.00000
     2.05148     0.00000

 KPT           20  SPIN            1  KWEIGHT    2.0000000000000000E-002
    -1.70112     0.00000
    -1.57406     0.00000
     0.43005     0.00000
     2.17144     0.00000

 KPT           21  SPIN            1  KWEIGHT    2.0000000000000000E-002
    -1.98671     0.00000
    -1.78695     0.00000
     0.77995     0.00000
     2.17456     0.00000

 KPT           22  SPIN            1  KWEIGHT    2.0000000000000000E-002
    -2.21201     0.00000
    -1.95105     0.00000
     1.15547     0.00000
     2.07607     0.00000

 KPT           23  SPIN            1  KWEIGHT    2.0000000000000000E-002
    -2.37258     0.00000
    -2.06481     0.00000
     1.50526     0.00000
     1.92572     0.00000

 KPT           24  SPIN            1  KWEIGHT    2.0000000000000000E-002
    -2.46825     0.00000
    -2.13038     0.00000
     1.75966     0.00000
     1.79340     0.00000

 KPT           25  SPIN            1  KWEIGHT    2.0000000000000000E-002
    -2.49998     0.00000
    -2.15159     0.00000
     1.74103     0.00000
     1.85355     0.00000

 KPT           26  SPIN            1  KWEIGHT    2.0000000000000000E-002
    -2.93218     0.00000
    -1.67509     0.00000
     1.73342     0.00000
     1.84671     0.00000

 KPT           27  SPIN            1  KWEIGHT    2.0000000000000000E-002
    -3.45095     0.00000
    -1.02971     0.00000
     1.71107     0.00000
     1.82615     0.00000

 KPT           28  SPIN            1  KWEIGHT    2.0000000000000000E-002
    -3.92370     2.00000
    -0.36754     0.00000
     1.67539     0.00000
     1.79188     0.00000

 KPT           29  SPIN            1  KWEIGHT    2.0000000000000000E-002
    -4.34342     2.00000
     0.27036     0.00000
     1.62872     0.00000
     1.74413     0.00000

 KPT           30  SPIN            1  KWEIGHT    2.0000000000000000E-002
    -4.70853     2.00000
     0.83417     0.00000
     1.57434     0.00000
     1.68379     0.00000

 KPT           31  SPIN            1  KWEIGHT    2.0000000000000000E-002
    -5.01838     2.00000
     1.26714     0.00000
     1.51630     0.00000
     1.61305     0.00000

 KPT           32  SPIN            1  KWEIGHT    2.0000000000000000E-002
    -5.27244     2.00000
     1.45926     0.00000
     1.52166     0.00000
     1.53615     0.00000

 KPT           33  SPIN            1  KWEIGHT    2.0000000000000000E-002
    -5.47016     2.00000
     1.40811     0.00000
     1.46000     0.00000
     1.58601     0.00000

 KPT           34  SPIN            1  KWEIGHT    2.0000000000000000E-002
    -5.61118     2.00000
     1.36754     0.00000
     1.39402     0.00000
     1.50767     0.00000

 KPT           35  SPIN            1  KWEIGHT    2.0000000000000000E-002
    -5.69552     2.00000
     1.34146     0.00000
     1.34868     0.00000
     1.38772     0.00000

 KPT           36  SPIN            1  KWEIGHT    2.0000000000000000E-002
    -5.72356     2.00000
     1.33246     0.00000
     1.33246     0.00000
     1.33246     0.00000

 KPT           37  SPIN            1  KWEIGHT    2.0000000000000000E-002
    -5.69759     2.00000
     1.34252     0.00000
     1.34252     0.00000
     1.38685     0.00000

 KPT           38  SPIN            1  KWEIGHT    2.0000000000000000E-002
    -5.61955     2.00000
     1.36518     0.00000
     1.36518     0.00000
     1.51811     0.00000

 KPT           39  SPIN            1  KWEIGHT    2.0000000000000000E-002
    -5.48933     2.00000
     1.37987     0.00000
     1.37987     0.00000
     1.65383     0.00000

 KPT           40  SPIN            1  KWEIGHT    2.0000000000000000E-002
    -5.30746     2.00000
     1.35860     0.00000
     1.35860     0.00000
     1.72562     0.00000

 KPT           41  SPIN            1  KWEIGHT    2.0000000000000000E-002
    -5.07531     2.00000
     1.27476     0.00000
     1.27476     0.00000
     1.69605     0.00000

 KPT           42  SPIN            1  KWEIGHT    2.0000000000000000E-002
    -4.79488     2.00000
     1.11230     0.00000
     1.11230     0.00000
     1.55966     0.00000

 KPT           43  SPIN            1  KWEIGHT    2.0000000000000000E-002
    -4.46856     2.00000
     0.87137     0.00000
     0.87137     0.00000
     1.33177     0.00000

 KPT           44  SPIN            1  KWEIGHT    2.0000000000000000E-002
    -4.09904     2.00000
     0.56778     0.00000
     0.56778     0.00000
     1.03696     0.00000

 KPT           45  SPIN            1  KWEIGHT    2.0000000000000000E-002
    -3.68924     0.00000
     0.22701     0.00000
     0.22701     0.00000
     0.70167     0.00000

 KPT           46  SPIN            1  KWEIGHT    2.0000000000000000E-002
    -3.24242     0.00000
    -0.12344     0.00000
    -0.12344     0.00000
     0.35061     0.00000

 KPT           47  SPIN            1  KWEIGHT    2.0000000000000000E-002
    -2.76236     0.00000
    -0.45985     0.00000
    -0.45985     0.00000
     0.00578     0.00000

 KPT           48  SPIN            1  KWEIGHT    2.0000000000000000E-002
    -2.25407     0.00000
    -0.76487     0.00000
    -0.76487     0.00000
    -0.31269     0.00000

 KPT           49  SPIN            1  KWEIGHT    2.0000000000000000E-002
    -1.72780     0.00000
    -1.02757     0.00000
    -1.02757     0.00000
    -0.58170     0.00000

 KPT           50  SPIN            1  KWEIGHT    2.0000000000000000E-002
    -1.24209     0.00000
    -1.24209     0.00000
    -1.24209     0.00000
    -0.73141     0.00000

