 KPT            1  SPIN            1  KWEIGHT    2.0000000000000000E-002
   -27.33263     2.00000
    -6.08689     0.00000
    -6.08689     0.00000
    -6.08689     0.00000

 KPT            2  SPIN            1  KWEIGHT    2.0000000000000000E-002
   -27.26628     2.00000
    -6.19150     0.00000
    -6.13294     0.00000
    -6.13294     0.00000

 KPT            3  SPIN            1  KWEIGHT    2.0000000000000000E-002
   -27.06901     2.00000
    -6.49144     0.00000
    -6.26944     0.00000
    -6.26944     0.00000

 KPT            4  SPIN            1  KWEIGHT    2.0000000000000000E-002
   -26.74643     2.00000
    -6.94840     2.00000
    -6.49126     0.00000
    -6.49126     0.00000

 KPT            5  SPIN            1  KWEIGHT    2.0000000000000000E-002
   -26.30867     2.00000
    -7.50797     2.00000
    -6.78942     0.00000
    -6.78942     0.00000

 KPT            6  SPIN            1  KWEIGHT    2.0000000000000000E-002
   -25.77137     2.00000
    -8.10951     2.00000
    -7.15090     2.00000
    -7.15090     2.00000

 KPT            7  SPIN            1  KWEIGHT    2.0000000000000000E-002
   -25.15681     2.00000
    -8.69443     2.00000
    -7.55862     2.00000
    -7.55862     2.00000

 KPT            8  SPIN            1  KWEIGHT    2.0000000000000000E-002
   -24.49469     2.00000
    -9.21177     2.00000
    -7.99222     2.00000
    -7.99222     2.00000

 KPT            9  SPIN            1  KWEIGHT    2.0000000000000000E-002
   -23.82186     2.00000
    -9.62218     2.00000
    -8.42914     2.00000
    -8.42914     2.00000

 KPT           10  SPIN            1  KWEIGHT    2.0000000000000000E-002
   -23.17995     2.00000
    -9.90191     2.00000
    -8.84627     2.00000
    -8.84627     2.00000

 KPT           11  SPIN            1  KWEIGHT    2.0000000000000000E-002
   -22.61012     2.00000
   -10.04763     2.00000
    -9.22150     2.00000
    -9.22150     2.00000

 KPT           12  SPIN            1  KWEIGHT    2.0000000000000000E-002
   -22.14604     2.00000
   -10.08032     2.00000
    -9.53517     2.00000
    -9.53517     2.00000

 KPT           13  SPIN            1  KWEIGHT    2.0000000000000000E-002
   -21.80860     2.00000
   -10.04334     2.00000
    -9.77118     2.00000
    -9.77118     2.00000

 KPT           14  SPIN            1  KWEIGHT    2.0000000000000000E-002
   -21.60592     2.00000
    -9.99065     2.00000
    -9.91762     2.00000
    -9.91762     2.00000

 KPT           15  SPIN            1  KWEIGHT    2.0000000000000000E-002
   -21.53859     2.00000
    -9.96724     2.00000
    -9.96724     2.00000
    -9.96724     2.00000

 KPT           16  SPIN            1  KWEIGHT    2.0000000000000000E-002
   -21.60346     2.00000
   -10.04000     2.00000
    -9.91870     2.00000
    -9.87049     2.00000

 KPT           17  SPIN            1  KWEIGHT    2.0000000000000000E-002
   -21.78641     2.00000
   -10.24890     2.00000
    -9.77653     2.00000
    -9.59372     2.00000

 KPT           18  SPIN            1  KWEIGHT    2.0000000000000000E-002
   -22.05722     2.00000
   -10.56775     2.00000
    -9.55121     2.00000
    -9.17297     2.00000

 KPT           19  SPIN            1  KWEIGHT    2.0000000000000000E-002
   -22.37726     2.00000
   -10.95863     2.00000
    -9.26032     2.00000
    -8.65712     2.00000

 KPT           20  SPIN            1  KWEIGHT    2.0000000000000000E-002
   -22.70864     2.00000
   -11.37839     2.00000
    -8.92838     2.00000
    -8.09931     2.00000

 KPT           21  SPIN            1  KWEIGHT    2.0000000000000000E-002
   -23.01919     2.00000
   -11.78464     2.00000
    -8.58598     2.00000
    -7.55196     2.00000

 KPT           22  SPIN            1  KWEIGHT    2.0000000000000000E-002
   -23.28393     2.00000
   -12.14009     2.00000
    -8.26769     2.00000
    -7.06419     2.00000

 KPT           23  SPIN            1  KWEIGHT    2.0000000000000000E-002
   -23.48483     2.00000
   -12.41507     2.00000
    -8.00846     2.00000
    -6.67965     0.00000

 KPT           24  SPIN            1  KWEIGHT    2.0000000000000000E-002
   -23.60990     2.00000
   -12.58841     2.00000
    -7.83881     2.00000
    -6.43345     0.00000

 KPT           25  SPIN            1  KWEIGHT    2.0000000000000000E-002
   -23.65232     2.00000
   -12.64757     2.00000
    -7.77976     2.00000
    -6.34869     0.00000

 KPT           26  SPIN            1  KWEIGHT    2.0000000000000000E-002
   -23.76481     2.00000
   -12.48125     2.00000
    -7.74806     2.00000
    -6.34322     0.00000

 KPT           27  SPIN            1  KWEIGHT    2.0000000000000000E-002
   -24.07631     2.00000
   -12.01166     2.00000
    -7.65497     2.00000
    -6.32728     0.00000

 KPT           28  SPIN            1  KWEIGHT    2.0000000000000000E-002
   -24.52492     2.00000
   -11.31098     2.00000
    -7.50648     2.00000
    -6.30228     0.00000

 KPT           29  SPIN            1  KWEIGHT    2.0000000000000000E-002
   -25.04199     2.00000
   -10.46474     2.00000
    -7.31254     2.00000
    -6.27037     0.00000

 KPT           30  SPIN            1  KWEIGHT    2.0000000000000000E-002
   -25.56998     2.00000
    -9.55355     2.00000
    -7.08683     2.00000
    -6.23429     0.00000

 KPT           31  SPIN            1  KWEIGHT    2.0000000000000000E-002
   -26.06657     2.00000
    -8.64830     2.00000
    -6.84631     0.00000
    -6.19703     0.00000

 KPT           32  SPIN            1  KWEIGHT    2.0000000000000000E-002
   -26.50235     2.00000
    -7.81092     2.00000
    -6.61028     0.00000
    -6.16161     0.00000

 KPT           33  SPIN            1  KWEIGHT    2.0000000000000000E-002
   -26.85750     2.00000
    -7.09553     2.00000
    -6.39896     0.00000
    -6.13082     0.00000

 KPT           34  SPIN            1  KWEIGHT    2.0000000000000000E-002
   -27.11904     2.00000
    -6.54803     0.00000
    -6.23154     0.00000
    -6.10703     0.00000

 KPT           35  SPIN            1  KWEIGHT    2.0000000000000000E-002
   -27.27889     2.00000
    -6.20416     0.00000
    -6.12398     0.00000
    -6.09202     0.00000

 KPT           36  SPIN            1  KWEIGHT    2.0000000000000000E-002
   -27.33263     2.00000
    -6.08689     0.00000
    -6.08689     0.00000
    -6.08689     0.00000

 KPT           37  SPIN            1  KWEIGHT    2.0000000000000000E-002
   -27.28286     2.00000
    -6.20496     0.00000
    -6.10173     0.00000
    -6.10173     0.00000

 KPT           38  SPIN            1  KWEIGHT    2.0000000000000000E-002
   -27.13480     2.00000
    -6.54632     0.00000
    -6.14750     0.00000
    -6.14750     0.00000

 KPT           39  SPIN            1  KWEIGHT    2.0000000000000000E-002
   -26.89239     2.00000
    -7.07504     2.00000
    -6.22769     0.00000
    -6.22769     0.00000

 KPT           40  SPIN            1  KWEIGHT    2.0000000000000000E-002
   -26.56277     2.00000
    -7.73872     2.00000
    -6.34729     0.00000
    -6.34729     0.00000

 KPT           41  SPIN            1  KWEIGHT    2.0000000000000000E-002
   -26.15712     2.00000
    -8.47625     2.00000
    -6.51159     0.00000
    -6.51159     0.00000

 KPT           42  SPIN            1  KWEIGHT    2.0000000000000000E-002
   -25.69174     2.00000
    -9.22415     2.00000
    -6.72489     0.00000
    -6.72489     0.00000

 KPT           43  SPIN            1  KWEIGHT    2.0000000000000000E-002
   -25.18921     2.00000
    -9.92017     2.00000
    -6.98903     2.00000
    -6.98903     2.00000

 KPT           44  SPIN            1  KWEIGHT    2.0000000000000000E-002
   -24.67912     2.00000
   -10.50483     2.00000
    -7.30233     2.00000
    -7.30233     2.00000

 KPT           45  SPIN            1  KWEIGHT    2.0000000000000000E-002
   -24.19719     2.00000
   -10.92293     2.00000
    -7.65898     2.00000
    -7.65898     2.00000

 KPT           46  SPIN            1  KWEIGHT    2.0000000000000000E-002
   -23.78104     2.00000
   -11.12759     2.00000
    -8.04902     2.00000
    -8.04902     2.00000

 KPT           47  SPIN            1  KWEIGHT    2.0000000000000000E-002
   -23.46164     2.00000
   -11.08884     2.00000
    -8.45905     2.00000
    -8.45905     2.00000

 KPT           48  SPIN            1  KWEIGHT    2.0000000000000000E-002
   -23.25311     2.00000
   -10.80406     2.00000
    -8.87331     2.00000
    -8.87331     2.00000

 KPT           49  SPIN            1  KWEIGHT    2.0000000000000000E-002
   -23.14764     2.00000
   -10.30385     2.00000
    -9.27514     2.00000
    -9.27514     2.00000

 KPT           50  SPIN            1  KWEIGHT    2.0000000000000000E-002
   -23.11976     2.00000
    -9.64834     2.00000
    -9.64834     2.00000
    -9.64834     2.00000

