 KPT            1  SPIN            1  KWEIGHT    2.0000000000000000E-002
    -6.80862     2.00000
     2.98047     0.00000
     2.98047     0.00000
     2.98047     0.00000

 KPT            2  SPIN            1  KWEIGHT    2.0000000000000000E-002
    -6.76840     2.00000
     2.93364     0.00000
     2.93364     0.00000
     2.95774     0.00000

 KPT            3  SPIN            1  KWEIGHT    2.0000000000000000E-002
    -6.64780     2.00000
     2.79351     0.00000
     2.79351     0.00000
     2.89336     0.00000

 KPT            4  SPIN            1  KWEIGHT    2.0000000000000000E-002
    -6.44700     2.00000
     2.56287     0.00000
     2.56287     0.00000
     2.79786     0.00000

 KPT            5  SPIN            1  KWEIGHT    2.0000000000000000E-002
    -6.16622     2.00000
     2.25057     0.00000
     2.25057     0.00000
     2.68639     0.00000

 KPT            6  SPIN            1  KWEIGHT    2.0000000000000000E-002
    -5.80555     2.00000
     1.87381     0.00000
     1.87381     0.00000
     2.57599     0.00000

 KPT            7  SPIN            1  KWEIGHT    2.0000000000000000E-002
    -5.36478     2.00000
     1.45704     0.00000
     1.45704     0.00000
     2.48269     0.00000

 KPT            8  SPIN            1  KWEIGHT    2.0000000000000000E-002
    -4.84350     2.00000
     1.02803     0.00000
     1.02803     0.00000
     2.41886     0.00000

 KPT            9  SPIN            1  KWEIGHT    2.0000000000000000E-002
    -4.24218     0.00000
     0.61340     0.00000
     0.61340     0.00000
     2.39073     0.00000

 KPT           10  SPIN            1  KWEIGHT    2.0000000000000000E-002
    -3.56566     0.00000
     0.23537     0.00000
     0.23537     0.00000
     2.39627     0.00000

 KPT           11  SPIN            1  KWEIGHT    2.0000000000000000E-002
    -2.83068     0.00000
    -0.08955     0.00000
    -0.08955     0.00000
     2.42431     0.00000

 KPT           12  SPIN            1  KWEIGHT    2.0000000000000000E-002
    -2.07847     0.00000
    -0.35025     0.00000
    -0.35025     0.00000
     2.45637     0.00000

 KPT           13  SPIN            1  KWEIGHT    2.0000000000000000E-002
    -1.38872     0.00000
    -0.53997     0.00000
    -0.53997     0.00000
     2.47365     0.00000

 KPT           14  SPIN            1  KWEIGHT    2.0000000000000000E-002
    -0.88295     0.00000
    -0.65498     0.00000
    -0.65498     0.00000
     2.47081     0.00000

 KPT           15  SPIN            1  KWEIGHT    2.0000000000000000E-002
    -0.69348     0.00000
    -0.69348     0.00000
    -0.69348     0.00000
     2.46489     0.00000

 KPT           16  SPIN            1  KWEIGHT    2.0000000000000000E-002
    -0.80822     0.00000
    -0.72935     0.00000
    -0.65576     0.00000
     2.47192     0.00000

 KPT           17  SPIN            1  KWEIGHT    2.0000000000000000E-002
    -1.12458     0.00000
    -0.82780     0.00000
    -0.54325     0.00000
     2.48723     0.00000

 KPT           18  SPIN            1  KWEIGHT    2.0000000000000000E-002
    -1.57332     0.00000
    -0.96602     0.00000
    -0.35836     0.00000
     2.49795     0.00000

 KPT           19  SPIN            1  KWEIGHT    2.0000000000000000E-002
    -2.07415     0.00000
    -1.11746     0.00000
    -0.10657     0.00000
     2.49292     0.00000

 KPT           20  SPIN            1  KWEIGHT    2.0000000000000000E-002
    -2.56026     0.00000
    -1.25966     0.00000
     0.20114     0.00000
     2.46841     0.00000

 KPT           21  SPIN            1  KWEIGHT    2.0000000000000000E-002
    -2.98732     0.00000
    -1.37810     0.00000
     0.54484     0.00000
     2.42859     0.00000

 KPT           22  SPIN            1  KWEIGHT    2.0000000000000000E-002
    -3.33082     0.00000
    -1.46654     0.00000
     0.89229     0.00000
     2.38260     0.00000

 KPT           23  SPIN            1  KWEIGHT    2.0000000000000000E-002
    -3.57954     0.00000
    -1.52520     0.00000
     1.19833     0.00000
     2.34086     0.00000

 KPT           24  SPIN            1  KWEIGHT    2.0000000000000000E-002
    -3.72939     0.00000
    -1.55777     0.00000
     1.41129     0.00000
     2.31212     0.00000

 KPT           25  SPIN            1  KWEIGHT    2.0000000000000000E-002
    -3.77938     0.00000
    -1.56810     0.00000
     1.48798     0.00000
     2.30191     0.00000

 KPT           26  SPIN            1  KWEIGHT    2.0000000000000000E-002
    -3.95847     0.00000
    -1.34724     0.00000
     1.51299     0.00000
     2.31770     0.00000

 KPT           27  SPIN            1  KWEIGHT    2.0000000000000000E-002
    -4.35811     0.00000
    -0.82693     0.00000
     1.58690     0.00000
     2.36335     0.00000

 KPT           28  SPIN            1  KWEIGHT    2.0000000000000000E-002
    -4.81388     2.00000
    -0.18544     0.00000
     1.70628     0.00000
     2.43397     0.00000

 KPT           29  SPIN            1  KWEIGHT    2.0000000000000000E-002
    -5.25548     2.00000
     0.48482     0.00000
     1.86522     0.00000
     2.52220     0.00000

 KPT           30  SPIN            1  KWEIGHT    2.0000000000000000E-002
    -5.65569     2.00000
     1.12848     0.00000
     2.05503     0.00000
     2.61929     0.00000

 KPT           31  SPIN            1  KWEIGHT    2.0000000000000000E-002
    -6.00262     2.00000
     1.70423     0.00000
     2.26385     0.00000
     2.71626     0.00000

 KPT           32  SPIN            1  KWEIGHT    2.0000000000000000E-002
    -6.29051     2.00000
     2.18198     0.00000
     2.47633     0.00000
     2.80509     0.00000

 KPT           33  SPIN            1  KWEIGHT    2.0000000000000000E-002
    -6.51634     2.00000
     2.54558     0.00000
     2.67390     0.00000
     2.87943     0.00000

 KPT           34  SPIN            1  KWEIGHT    2.0000000000000000E-002
    -6.67848     2.00000
     2.79360     0.00000
     2.83599     0.00000
     2.93491     0.00000

 KPT           35  SPIN            1  KWEIGHT    2.0000000000000000E-002
    -6.77605     2.00000
     2.93493     0.00000
     2.94300     0.00000
     2.96899     0.00000

 KPT           36  SPIN            1  KWEIGHT    2.0000000000000000E-002
    -6.80862     2.00000
     2.98047     0.00000
     2.98047     0.00000
     2.98047     0.00000

 KPT           37  SPIN            1  KWEIGHT    2.0000000000000000E-002
    -6.77846     2.00000
     2.93122     0.00000
     2.96132     0.00000
     2.96132     0.00000

 KPT           38  SPIN            1  KWEIGHT    2.0000000000000000E-002
    -6.68813     2.00000
     2.79113     0.00000
     2.89996     0.00000
     2.89996     0.00000

 KPT           39  SPIN            1  KWEIGHT    2.0000000000000000E-002
    -6.53808     2.00000
     2.58004     0.00000
     2.78594     0.00000
     2.78594     0.00000

 KPT           40  SPIN            1  KWEIGHT    2.0000000000000000E-002
    -6.32921     2.00000
     2.32303     0.00000
     2.60581     0.00000
     2.60581     0.00000

 KPT           41  SPIN            1  KWEIGHT    2.0000000000000000E-002
    -6.06290     2.00000
     2.04406     0.00000
     2.34834     0.00000
     2.34834     0.00000

 KPT           42  SPIN            1  KWEIGHT    2.0000000000000000E-002
    -5.74108     2.00000
     1.76252     0.00000
     2.00964     0.00000
     2.00964     0.00000

 KPT           43  SPIN            1  KWEIGHT    2.0000000000000000E-002
    -5.36621     2.00000
     1.49266     0.00000
     1.59642     0.00000
     1.59642     0.00000

 KPT           44  SPIN            1  KWEIGHT    2.0000000000000000E-002
    -4.94120     2.00000
     1.12587     0.00000
     1.12587     0.00000
     1.24434     0.00000

 KPT           45  SPIN            1  KWEIGHT    2.0000000000000000E-002
    -4.46934     0.00000
     0.62232     0.00000
     0.62232     0.00000
     1.02410     0.00000

 KPT           46  SPIN            1  KWEIGHT    2.0000000000000000E-002
    -3.95421     0.00000
     0.11237     0.00000
     0.11237     0.00000
     0.83612     0.00000

 KPT           47  SPIN            1  KWEIGHT    2.0000000000000000E-002
    -3.39988     0.00000
    -0.37947     0.00000
    -0.37947     0.00000
     0.68295     0.00000

 KPT           48  SPIN            1  KWEIGHT    2.0000000000000000E-002
    -2.81159     0.00000
    -0.83347     0.00000
    -0.83347     0.00000
     0.56648     0.00000

 KPT           49  SPIN            1  KWEIGHT    2.0000000000000000E-002
    -2.19781     0.00000
    -1.23538     0.00000
    -1.23538     0.00000
     0.48949     0.00000

 KPT           50  SPIN            1  KWEIGHT    2.0000000000000000E-002
    -1.57592     0.00000
    -1.57592     0.00000
    -1.57592     0.00000
     0.45992     0.00000

