 KPT            1  SPIN            1  KWEIGHT    2.0000000000000000E-002
   -30.99197     2.00000
    -9.92634     0.00000
    -9.92634     0.00000
    -9.92634     0.00000

 KPT            2  SPIN            1  KWEIGHT    2.0000000000000000E-002
   -30.96603     2.00000
    -9.97624     0.00000
    -9.94725     0.00000
    -9.94725     0.00000

 KPT            3  SPIN            1  KWEIGHT    2.0000000000000000E-002
   -30.88961     2.00000
   -10.11940     2.00000
   -10.00919     2.00000
   -10.00919     2.00000

 KPT            4  SPIN            1  KWEIGHT    2.0000000000000000E-002
   -30.76690     2.00000
   -10.33749     2.00000
   -10.10985     2.00000
   -10.10985     2.00000

 KPT            5  SPIN            1  KWEIGHT    2.0000000000000000E-002
   -30.60479     2.00000
   -10.60354     2.00000
   -10.24528     2.00000
   -10.24528     2.00000

 KPT            6  SPIN            1  KWEIGHT    2.0000000000000000E-002
   -30.41267     2.00000
   -10.88654     2.00000
   -10.40986     2.00000
   -10.40986     2.00000

 KPT            7  SPIN            1  KWEIGHT    2.0000000000000000E-002
   -30.20192     2.00000
   -11.15626     2.00000
   -10.59630     2.00000
   -10.59630     2.00000

 KPT            8  SPIN            1  KWEIGHT    2.0000000000000000E-002
   -29.98506     2.00000
   -11.38768     2.00000
   -10.79585     2.00000
   -10.79585     2.00000

 KPT            9  SPIN            1  KWEIGHT    2.0000000000000000E-002
   -29.77467     2.00000
   -11.56434     2.00000
   -10.99860     2.00000
   -10.99860     2.00000

 KPT           10  SPIN            1  KWEIGHT    2.0000000000000000E-002
   -29.58206     2.00000
   -11.68028     2.00000
   -11.19401     2.00000
   -11.19401     2.00000

 KPT           11  SPIN            1  KWEIGHT    2.0000000000000000E-002
   -29.41625     2.00000
   -11.74011     2.00000
   -11.37156     2.00000
   -11.37156     2.00000

 KPT           12  SPIN            1  KWEIGHT    2.0000000000000000E-002
   -29.28349     2.00000
   -11.75717     2.00000
   -11.52139     2.00000
   -11.52139     2.00000

 KPT           13  SPIN            1  KWEIGHT    2.0000000000000000E-002
   -29.18734     2.00000
   -11.74975     2.00000
   -11.63503     2.00000
   -11.63503     2.00000

 KPT           14  SPIN            1  KWEIGHT    2.0000000000000000E-002
   -29.12935     2.00000
   -11.73622     2.00000
   -11.70596     2.00000
   -11.70596     2.00000

 KPT           15  SPIN            1  KWEIGHT    2.0000000000000000E-002
   -29.11000     2.00000
   -11.73006     2.00000
   -11.73006     2.00000
   -11.73006     2.00000

 KPT           16  SPIN            1  KWEIGHT    2.0000000000000000E-002
   -29.12877     2.00000
   -11.75551     2.00000
   -11.70650     2.00000
   -11.68747     2.00000

 KPT           17  SPIN            1  KWEIGHT    2.0000000000000000E-002
   -29.18283     2.00000
   -11.82915     2.00000
   -11.63790     2.00000
   -11.56396     2.00000

 KPT           18  SPIN            1  KWEIGHT    2.0000000000000000E-002
   -29.26581     2.00000
   -11.94331     2.00000
   -11.53042     2.00000
   -11.37184     2.00000

 KPT           19  SPIN            1  KWEIGHT    2.0000000000000000E-002
   -29.36834     2.00000
   -12.08621     2.00000
   -11.39390     2.00000
   -11.13011     2.00000

 KPT           20  SPIN            1  KWEIGHT    2.0000000000000000E-002
   -29.47946     2.00000
   -12.24340     2.00000
   -11.24111     2.00000
   -10.86245     2.00000

 KPT           21  SPIN            1  KWEIGHT    2.0000000000000000E-002
   -29.58807     2.00000
   -12.39932     2.00000
   -11.08677     2.00000
   -10.59493     2.00000

 KPT           22  SPIN            1  KWEIGHT    2.0000000000000000E-002
   -29.68397     2.00000
   -12.53890     2.00000
   -10.94620     2.00000
   -10.35357     2.00000

 KPT           23  SPIN            1  KWEIGHT    2.0000000000000000E-002
   -29.75875     2.00000
   -12.64896     2.00000
   -10.83371     2.00000
   -10.16193     2.00000

 KPT           24  SPIN            1  KWEIGHT    2.0000000000000000E-002
   -29.80615     2.00000
   -12.71929     2.00000
   -10.76106     2.00000
   -10.03881     2.00000

 KPT           25  SPIN            1  KWEIGHT    2.0000000000000000E-002
   -29.82238     2.00000
   -12.74346     2.00000
   -10.73594     2.00000
    -9.99636     2.00000

 KPT           26  SPIN            1  KWEIGHT    2.0000000000000000E-002
   -29.84928     2.00000
   -12.68480     2.00000
   -10.71999     2.00000
    -9.99492     2.00000

 KPT           27  SPIN            1  KWEIGHT    2.0000000000000000E-002
   -29.92687     2.00000
   -12.51410     2.00000
   -10.67333     2.00000
    -9.99073     2.00000

 KPT           28  SPIN            1  KWEIGHT    2.0000000000000000E-002
   -30.04656     2.00000
   -12.24656     2.00000
   -10.59945     2.00000
    -9.98412     2.00000

 KPT           29  SPIN            1  KWEIGHT    2.0000000000000000E-002
   -30.19585     2.00000
   -11.90534     2.00000
   -10.50399     2.00000
    -9.97567     0.00000

 KPT           30  SPIN            1  KWEIGHT    2.0000000000000000E-002
   -30.36040     2.00000
   -11.51909     2.00000
   -10.39432     2.00000
    -9.96607     0.00000

 KPT           31  SPIN            1  KWEIGHT    2.0000000000000000E-002
   -30.52591     2.00000
   -11.11928     2.00000
   -10.27913     2.00000
    -9.95610     0.00000

 KPT           32  SPIN            1  KWEIGHT    2.0000000000000000E-002
   -30.67937     2.00000
   -10.73782     2.00000
   -10.16773     2.00000
    -9.94658     0.00000

 KPT           33  SPIN            1  KWEIGHT    2.0000000000000000E-002
   -30.80992     2.00000
   -10.40474     2.00000
   -10.06934     2.00000
    -9.93827     0.00000

 KPT           34  SPIN            1  KWEIGHT    2.0000000000000000E-002
   -30.90911     2.00000
   -10.14617     2.00000
    -9.99229     2.00000
    -9.93182     0.00000

 KPT           35  SPIN            1  KWEIGHT    2.0000000000000000E-002
   -30.97096     2.00000
    -9.98241     0.00000
    -9.94320     0.00000
    -9.92774     0.00000

 KPT           36  SPIN            1  KWEIGHT    2.0000000000000000E-002
   -30.99197     2.00000
    -9.92634     0.00000
    -9.92634     0.00000
    -9.92634     0.00000

 KPT           37  SPIN            1  KWEIGHT    2.0000000000000000E-002
   -30.97252     2.00000
    -9.98289     0.00000
    -9.93249     0.00000
    -9.93249     0.00000

 KPT           38  SPIN            1  KWEIGHT    2.0000000000000000E-002
   -30.91522     2.00000
   -10.14645     2.00000
    -9.95130     0.00000
    -9.95130     0.00000

 KPT           39  SPIN            1  KWEIGHT    2.0000000000000000E-002
   -30.82327     2.00000
   -10.39955     2.00000
    -9.98388     0.00000
    -9.98388     0.00000

 KPT           40  SPIN            1  KWEIGHT    2.0000000000000000E-002
   -30.70201     2.00000
   -10.71560     2.00000
   -10.03179     2.00000
   -10.03179     2.00000

 KPT           41  SPIN            1  KWEIGHT    2.0000000000000000E-002
   -30.55880     2.00000
   -11.06204     2.00000
   -10.09675     2.00000
   -10.09675     2.00000

 KPT           42  SPIN            1  KWEIGHT    2.0000000000000000E-002
   -30.40280     2.00000
   -11.40391     2.00000
   -10.18022     2.00000
   -10.18022     2.00000

 KPT           43  SPIN            1  KWEIGHT    2.0000000000000000E-002
   -30.24440     2.00000
   -11.70734     2.00000
   -10.28299     2.00000
   -10.28299     2.00000

 KPT           44  SPIN            1  KWEIGHT    2.0000000000000000E-002
   -30.09427     2.00000
   -11.94265     2.00000
   -10.40482     2.00000
   -10.40482     2.00000

 KPT           45  SPIN            1  KWEIGHT    2.0000000000000000E-002
   -29.96210     2.00000
   -12.08717     2.00000
   -10.54416     2.00000
   -10.54416     2.00000

 KPT           46  SPIN            1  KWEIGHT    2.0000000000000000E-002
   -29.85524     2.00000
   -12.12753     2.00000
   -10.69807     2.00000
   -10.69807     2.00000

 KPT           47  SPIN            1  KWEIGHT    2.0000000000000000E-002
   -29.77748     2.00000
   -12.06115     2.00000
   -10.86225     2.00000
   -10.86225     2.00000

 KPT           48  SPIN            1  KWEIGHT    2.0000000000000000E-002
   -29.72856     2.00000
   -11.89674     2.00000
   -11.03133     2.00000
   -11.03133     2.00000

 KPT           49  SPIN            1  KWEIGHT    2.0000000000000000E-002
   -29.70440     2.00000
   -11.65357     2.00000
   -11.19918     2.00000
   -11.19918     2.00000

 KPT           50  SPIN            1  KWEIGHT    2.0000000000000000E-002
   -29.69816     2.00000
   -11.35945     2.00000
   -11.35945     2.00000
   -11.35945     2.00000

